Component: ARM Compiler 5.06 update 7 (build 960) Tool: armlink [4d3601]

==============================================================================

Section Cross References

    startup_stm32f10x_md.o(STACK) refers (Special) to heapauxi.o(.text) for __use_two_region_memory
    startup_stm32f10x_md.o(HEAP) refers (Special) to heapauxi.o(.text) for __use_two_region_memory
    startup_stm32f10x_md.o(RESET) refers (Special) to heapauxi.o(.text) for __use_two_region_memory
    startup_stm32f10x_md.o(RESET) refers to startup_stm32f10x_md.o(STACK) for __initial_sp
    startup_stm32f10x_md.o(RESET) refers to startup_stm32f10x_md.o(.text) for Reset_Handler
    startup_stm32f10x_md.o(RESET) refers to stm32f10x_it.o(i.NMI_Handler) for NMI_Handler
    startup_stm32f10x_md.o(RESET) refers to stm32f10x_it.o(i.HardFault_Handler) for HardFault_Handler
    startup_stm32f10x_md.o(RESET) refers to stm32f10x_it.o(i.MemManage_Handler) for MemManage_Handler
    startup_stm32f10x_md.o(RESET) refers to stm32f10x_it.o(i.BusFault_Handler) for BusFault_Handler
    startup_stm32f10x_md.o(RESET) refers to stm32f10x_it.o(i.UsageFault_Handler) for UsageFault_Handler
    startup_stm32f10x_md.o(RESET) refers to stm32f10x_it.o(i.SVC_Handler) for SVC_Handler
    startup_stm32f10x_md.o(RESET) refers to stm32f10x_it.o(i.DebugMon_Handler) for DebugMon_Handler
    startup_stm32f10x_md.o(RESET) refers to stm32f10x_it.o(i.PendSV_Handler) for PendSV_Handler
    startup_stm32f10x_md.o(RESET) refers to stm32f10x_it.o(i.SysTick_Handler) for SysTick_Handler
    startup_stm32f10x_md.o(RESET) refers to main.o(i.TIM1_UP_IRQHandler) for TIM1_UP_IRQHandler
    startup_stm32f10x_md.o(.text) refers (Special) to heapauxi.o(.text) for __use_two_region_memory
    startup_stm32f10x_md.o(.text) refers to system_stm32f10x.o(i.SystemInit) for SystemInit
    startup_stm32f10x_md.o(.text) refers to __main.o(!!!main) for __main
    startup_stm32f10x_md.o(.text) refers to startup_stm32f10x_md.o(HEAP) for Heap_Mem
    startup_stm32f10x_md.o(.text) refers to startup_stm32f10x_md.o(STACK) for Stack_Mem
    system_stm32f10x.o(i.SetSysClock) refers to system_stm32f10x.o(i.SetSysClockTo72) for SetSysClockTo72
    system_stm32f10x.o(i.SystemCoreClockUpdate) refers to system_stm32f10x.o(.data) for SystemCoreClock
    system_stm32f10x.o(i.SystemInit) refers to system_stm32f10x.o(i.SetSysClock) for SetSysClock
    stm32f10x_adc.o(i.ADC_DeInit) refers to stm32f10x_rcc.o(i.RCC_APB2PeriphResetCmd) for RCC_APB2PeriphResetCmd
    stm32f10x_bkp.o(i.BKP_DeInit) refers to stm32f10x_rcc.o(i.RCC_BackupResetCmd) for RCC_BackupResetCmd
    stm32f10x_can.o(i.CAN_DeInit) refers to stm32f10x_rcc.o(i.RCC_APB1PeriphResetCmd) for RCC_APB1PeriphResetCmd
    stm32f10x_can.o(i.CAN_GetITStatus) refers to stm32f10x_can.o(i.CheckITStatus) for CheckITStatus
    stm32f10x_cec.o(i.CEC_DeInit) refers to stm32f10x_rcc.o(i.RCC_APB1PeriphResetCmd) for RCC_APB1PeriphResetCmd
    stm32f10x_dac.o(i.DAC_DeInit) refers to stm32f10x_rcc.o(i.RCC_APB1PeriphResetCmd) for RCC_APB1PeriphResetCmd
    stm32f10x_flash.o(i.FLASH_EnableWriteProtection) refers to stm32f10x_flash.o(i.FLASH_WaitForLastOperation) for FLASH_WaitForLastOperation
    stm32f10x_flash.o(i.FLASH_EraseAllBank1Pages) refers to stm32f10x_flash.o(i.FLASH_WaitForLastBank1Operation) for FLASH_WaitForLastBank1Operation
    stm32f10x_flash.o(i.FLASH_EraseAllPages) refers to stm32f10x_flash.o(i.FLASH_WaitForLastOperation) for FLASH_WaitForLastOperation
    stm32f10x_flash.o(i.FLASH_EraseOptionBytes) refers to stm32f10x_flash.o(i.FLASH_GetReadOutProtectionStatus) for FLASH_GetReadOutProtectionStatus
    stm32f10x_flash.o(i.FLASH_EraseOptionBytes) refers to stm32f10x_flash.o(i.FLASH_WaitForLastOperation) for FLASH_WaitForLastOperation
    stm32f10x_flash.o(i.FLASH_ErasePage) refers to stm32f10x_flash.o(i.FLASH_WaitForLastOperation) for FLASH_WaitForLastOperation
    stm32f10x_flash.o(i.FLASH_ProgramHalfWord) refers to stm32f10x_flash.o(i.FLASH_WaitForLastOperation) for FLASH_WaitForLastOperation
    stm32f10x_flash.o(i.FLASH_ProgramOptionByteData) refers to stm32f10x_flash.o(i.FLASH_WaitForLastOperation) for FLASH_WaitForLastOperation
    stm32f10x_flash.o(i.FLASH_ProgramWord) refers to stm32f10x_flash.o(i.FLASH_WaitForLastOperation) for FLASH_WaitForLastOperation
    stm32f10x_flash.o(i.FLASH_ReadOutProtection) refers to stm32f10x_flash.o(i.FLASH_WaitForLastOperation) for FLASH_WaitForLastOperation
    stm32f10x_flash.o(i.FLASH_UserOptionByteConfig) refers to stm32f10x_flash.o(i.FLASH_WaitForLastOperation) for FLASH_WaitForLastOperation
    stm32f10x_flash.o(i.FLASH_WaitForLastBank1Operation) refers to stm32f10x_flash.o(i.FLASH_GetBank1Status) for FLASH_GetBank1Status
    stm32f10x_flash.o(i.FLASH_WaitForLastOperation) refers to stm32f10x_flash.o(i.FLASH_GetBank1Status) for FLASH_GetBank1Status
    stm32f10x_gpio.o(i.GPIO_AFIODeInit) refers to stm32f10x_rcc.o(i.RCC_APB2PeriphResetCmd) for RCC_APB2PeriphResetCmd
[...]
    i.TIM_SetCompare4                        0x0800186c   Section        0  stm32f10x_tim.o(i.TIM_SetCompare4)
    i.TIM_SetCounter                         0x08001872   Section        0  stm32f10x_tim.o(i.TIM_SetCounter)
    i.TIM_SetIC1Prescaler                    0x08001876   Section        0  stm32f10x_tim.o(i.TIM_SetIC1Prescaler)
    i.TIM_SetIC2Prescaler                    0x08001888   Section        0  stm32f10x_tim.o(i.TIM_SetIC2Prescaler)
    i.TIM_SetIC3Prescaler                    0x080018a2   Section        0  stm32f10x_tim.o(i.TIM_SetIC3Prescaler)
    i.TIM_SetIC4Prescaler                    0x080018b4   Section        0  stm32f10x_tim.o(i.TIM_SetIC4Prescaler)
    i.TIM_TimeBaseInit                       0x080018d0   Section        0  stm32f10x_tim.o(i.TIM_TimeBaseInit)
    i.Timer_Init                             0x08001974   Section        0  timer.o(i.Timer_Init)
    i.UsageFault_Handler                     0x080019f0   Section        0  stm32f10x_it.o(i.UsageFault_Handler)
    i.__ARM_fpclassify                       0x080019f4   Section        0  fpclassify.o(i.__ARM_fpclassify)
    i.__kernel_poly                          0x08001a1c   Section        0  poly.o(i.__kernel_poly)
    i.__mathlib_dbl_infnan                   0x08001ac6   Section        0  dunder.o(i.__mathlib_dbl_infnan)
    i.__mathlib_dbl_infnan2                  0x08001acc   Section        0  dunder.o(i.__mathlib_dbl_infnan2)
    i.__mathlib_dbl_invalid                  0x08001ad0   Section        0  dunder.o(i.__mathlib_dbl_invalid)
    i.__mathlib_dbl_underflow                0x08001adc   Section        0  dunder.o(i.__mathlib_dbl_underflow)
    i.accel_self_test                        0x08001aec   Section        0  inv_mpu.o(i.accel_self_test)
    accel_self_test                          0x08001aed   Thumb Code   164  inv_mpu.o(i.accel_self_test)
    i.asin                                   0x08001b94   Section        0  asin.o(i.asin)
    i.atan                                   0x08001e04   Section        0  atan.o(i.atan)
    i.atan2                                  0x08002024   Section        0  atan2.o(i.atan2)
    i.decode_gesture                         0x080021c0   Section        0  inv_mpu_dmp_motion_driver.o(i.decode_gesture)
    decode_gesture                           0x080021c1   Thumb Code    94  inv_mpu_dmp_motion_driver.o(i.decode_gesture)
    i.delay_ms                               0x08002224   Section        0  delay.o(i.delay_ms)
    i.delay_us                               0x0800223c   Section        0  delay.o(i.delay_us)
    i.dmp_enable_6x_lp_quat                  0x0800226a   Section        0  inv_mpu_dmp_motion_driver.o(i.dmp_enable_6x_lp_quat)
    i.dmp_enable_feature                     0x080022a8   Section        0  inv_mpu_dmp_motion_driver.o(i.dmp_enable_feature)
    i.dmp_enable_gyro_cal                    0x080024c4   Section        0  inv_mpu_dmp_motion_driver.o(i.dmp_enable_gyro_cal)
    i.dmp_enable_lp_quat                     0x0800251c   Section        0  inv_mpu_dmp_motion_driver.o(i.dmp_enable_lp_quat)
    i.dmp_load_motion_driver_firmware        0x08002558   Section        0  inv_mpu_dmp_motion_driver.o(i.dmp_load_motion_driver_firmware)
    i.dmp_read_fifo                          0x08002570   Section        0  inv_mpu_dmp_motion_driver.o(i.dmp_read_fifo)
    i.dmp_set_accel_bias                     0x0800273c   Section        0  inv_mpu_dmp_motion_driver.o(i.dmp_set_accel_bias)
    i.dmp_set_fifo_rate                      0x0800286c   Section        0  inv_mpu_dmp_motion_driver.o(i.dmp_set_fifo_rate)
    i.dmp_set_gyro_bias                      0x080028dc   Section        0  inv_mpu_dmp_motion_driver.o(i.dmp_set_gyro_bias)
    i.dmp_set_orientation                    0x08002a0c   Section        0  inv_mpu_dmp_motion_driver.o(i.dmp_set_orientation)
    i.dmp_set_shake_reject_thresh            0x08002b44   Section        0  inv_mpu_dmp_motion_driver.o(i.dmp_set_shake_reject_thresh)
    i.dmp_set_shake_reject_time              0x08002b7c   Section        0  inv_mpu_dmp_motion_driver.o(i.dmp_set_shake_reject_time)
    i.dmp_set_shake_reject_timeout           0x08002ba2   Section        0  inv_mpu_dmp_motion_driver.o(i.dmp_set_shake_reject_timeout)
    i.dmp_set_tap_axes                       0x08002bc8   Section        0  inv_mpu_dmp_motion_driver.o(i.dmp_set_tap_axes)
    i.dmp_set_tap_count                      0x08002c0e   Section        0  inv_mpu_dmp_motion_driver.o(i.dmp_set_tap_count)
    i.dmp_set_tap_thresh                     0x08002c34   Section        0  inv_mpu_dmp_motion_driver.o(i.dmp_set_tap_thresh)
    i.dmp_set_tap_time                       0x08002dd4   Section        0  inv_mpu_dmp_motion_driver.o(i.dmp_set_tap_time)
    i.dmp_set_tap_time_multi                 0x08002dfa   Section        0  inv_mpu_dmp_motion_driver.o(i.dmp_set_tap_time_multi)
    i.get_accel_prod_shift                   0x08002e20   Section        0  inv_mpu.o(i.get_accel_prod_shift)
    get_accel_prod_shift                     0x08002e21   Thumb Code   168  inv_mpu.o(i.get_accel_prod_shift)
    i.get_st_biases                          0x08002ed4   Section        0  inv_mpu.o(i.get_st_biases)
    get_st_biases                            0x08002ed5   Thumb Code  1128  inv_mpu.o(i.get_st_biases)
    i.gyro_self_test                         0x08003340   Section        0  inv_mpu.o(i.gyro_self_test)
    gyro_self_test                           0x08003341   Thumb Code   256  inv_mpu.o(i.gyro_self_test)
    i.inv_orientation_matrix_to_scalar       0x08003450   Section        0  inv_mpu.o(i.inv_orientation_matrix_to_scalar)
    i.inv_row_2_scale                        0x08003478   Section        0  inv_mpu.o(i.inv_row_2_scale)
    i.main                                   0x080034c8   Section        0  main.o(i.main)
    i.mget_ms                                0x0800356c   Section        0  inv_mpu.o(i.mget_ms)
    i.mpu_configure_fifo                     0x08003570   Section        0  inv_mpu.o(i.mpu_configure_fifo)
    i.mpu_dmp_get_data                       0x080035e0   Section        0  inv_mpu.o(i.mpu_dmp_get_data)
    i.mpu_dmp_init                           0x08003804   Section        0  inv_mpu.o(i.mpu_dmp_init)
    i.mpu_get_accel_fsr                      0x080038a4   Section        0  inv_mpu.o(i.mpu_get_accel_fsr)
    i.mpu_get_accel_sens                     0x080038f0   Section        0  inv_mpu.o(i.mpu_get_accel_sens)
    i.mpu_get_fifo_config                    0x08003944   Section        0  inv_mpu.o(i.mpu_get_fifo_config)
    i.mpu_get_gyro_fsr                       0x08003954   Section        0  inv_mpu.o(i.mpu_get_gyro_fsr)
    i.mpu_get_gyro_sens                      0x08003998   Section        0  inv_mpu.o(i.mpu_get_gyro_sens)
    i.mpu_get_lpf                            0x080039e8   Section        0  inv_mpu.o(i.mpu_get_lpf)
    i.mpu_get_sample_rate                    0x08003a38   Section        0  inv_mpu.o(i.mpu_get_sample_rate)
    i.mpu_init                               0x08003a58   Section        0  inv_mpu.o(i.mpu_init)
    i.mpu_load_firmware                      0x08003be8   Section        0  inv_mpu.o(i.mpu_load_firmware)
    i.mpu_lp_accel_mode                      0x08003ca0   Section        0  inv_mpu.o(i.mpu_lp_accel_mode)
    i.mpu_read_fifo_stream                   0x08003d80   Section        0  inv_mpu.o(i.mpu_read_fifo_stream)
    i.mpu_read_mem                           0x08003e40   Section        0  inv_mpu.o(i.mpu_read_mem)
    i.mpu_reset_fifo                         0x08003ec0   Section        0  inv_mpu.o(i.mpu_reset_fifo)
    i.mpu_run_self_test                      0x08004088   Section        0  inv_mpu.o(i.mpu_run_self_test)
    i.mpu_set_accel_fsr                      0x080041a4   Section        0  inv_mpu.o(i.mpu_set_accel_fsr)
    i.mpu_set_bypass                         0x08004228   Section        0  inv_mpu.o(i.mpu_set_bypass)
    i.mpu_set_dmp_state                      0x08004374   Section        0  inv_mpu.o(i.mpu_set_dmp_state)
    i.mpu_set_gyro_fsr                       0x08004404   Section        0  inv_mpu.o(i.mpu_set_gyro_fsr)
    i.mpu_set_int_latched                    0x0800448c   Section        0  inv_mpu.o(i.mpu_set_int_latched)
    i.mpu_set_lpf                            0x080044f8   Section        0  inv_mpu.o(i.mpu_set_lpf)
    i.mpu_set_sample_rate                    0x0800457c   Section        0  inv_mpu.o(i.mpu_set_sample_rate)
    i.mpu_set_sensors                        0x08004618   Section        0  inv_mpu.o(i.mpu_set_sensors)
    i.mpu_write_mem                          0x080046e8   Section        0  inv_mpu.o(i.mpu_write_mem)
    i.run_self_test                          0x08004768   Section        0  inv_mpu.o(i.run_self_test)
    i.set_int_enable                         0x080047fc   Section        0  inv_mpu.o(i.set_int_enable)
    set_int_enable                           0x080047fd   Thumb Code   138  inv_mpu.o(i.set_int_enable)
    i.sqrt                                   0x0800488c   Section        0  sqrt.o(i.sqrt)
    i.velocity_PID_value                     0x080048d8   Section        0  pid.o(i.velocity_PID_value)
    i.vertical_PID_value                     0x08004978   Section        0  pid.o(i.vertical_PID_value)
    i.xianfu                                 0x08004a14   Section        0  pid.o(i.xianfu)
    x$fpl$d2f                                0x08004a5c   Section       98  d2f.o(x$fpl$d2f)
    x$fpl$dadd                               0x08004ac0   Section      336  daddsub_clz.o(x$fpl$dadd)
    _dadd1                                   0x08004ad1   Thumb Code     0  daddsub_clz.o(x$fpl$dadd)
    x$fpl$dcheck1                            0x08004c10   Section       16  dcheck1.o(x$fpl$dcheck1)
    x$fpl$dcmpinf                            0x08004c20   Section       24  dcmpi.o(x$fpl$dcmpinf)
    x$fpl$ddiv                               0x08004c38   Section      688  ddiv.o(x$fpl$ddiv)
    ddiv_entry                               0x08004c3f   Thumb Code     0  ddiv.o(x$fpl$ddiv)
    x$fpl$deqf                               0x08004ee8   Section      120  deqf.o(x$fpl$deqf)
    x$fpl$dmul                               0x08004f60   Section      340  dmul.o(x$fpl$dmul)
    x$fpl$dnaninf                            0x080050b4   Section      156  dnaninf.o(x$fpl$dnaninf)
    x$fpl$dretinf                            0x08005150   Section       12  dretinf.o(x$fpl$dretinf)
    x$fpl$drsb                               0x0800515c   Section       22  daddsub_clz.o(x$fpl$drsb)
    x$fpl$dsqrt                              0x08005174   Section      460  dsqrt_noumaal.o(x$fpl$dsqrt)
    x$fpl$dsub                               0x08005340   Section      468  daddsub_clz.o(x$fpl$dsub)
    _dsub1                                   0x08005351   Thumb Code     0  daddsub_clz.o(x$fpl$dsub)
    x$fpl$f2d                                0x08005514   Section       86  f2d.o(x$fpl$f2d)
    x$fpl$fadd                               0x0800556c   Section      196  faddsub_clz.o(x$fpl$fadd)
    _fadd1                                   0x0800557b   Thumb Code     0  faddsub_clz.o(x$fpl$fadd)
    x$fpl$fcmpinf                            0x08005630   Section       24  fcmpi.o(x$fpl$fcmpinf)
    x$fpl$fdiv                               0x08005648   Section      388  fdiv.o(x$fpl$fdiv)
    _fdiv1                                   0x08005649   Thumb Code     0  fdiv.o(x$fpl$fdiv)
    x$fpl$feqf                               0x080057cc   Section      104  feqf.o(x$fpl$feqf)
    x$fpl$ffix                               0x08005834   Section       54  ffix.o(x$fpl$ffix)
    x$fpl$ffixu                              0x0800586c   Section       62  ffixu.o(x$fpl$ffixu)
    x$fpl$fflt                               0x080058ac   Section       48  fflt_clz.o(x$fpl$fflt)
    x$fpl$ffltu                              0x080058dc   Section       38  fflt_clz.o(x$fpl$ffltu)
    x$fpl$fleqf                              0x08005904   Section      104  fleqf.o(x$fpl$fleqf)
    x$fpl$fmul                               0x0800596c   Section      258  fmul.o(x$fpl$fmul)
    x$fpl$fnaninf                            0x08005a6e   Section      140  fnaninf.o(x$fpl$fnaninf)
    x$fpl$fretinf                            0x08005afa   Section       10  fretinf.o(x$fpl$fretinf)
    x$fpl$frleqf                             0x08005b04   Section       98  frleqf.o(x$fpl$frleqf)
    x$fpl$fsub                               0x08005b68   Section      234  faddsub_clz.o(x$fpl$fsub)
    _fsub1                                   0x08005b77   Thumb Code     0  faddsub_clz.o(x$fpl$fsub)
    x$fpl$retnan                             0x08005c52   Section      100  retnan.o(x$fpl$retnan)
    x$fpl$scalbn                             0x08005cb6   Section       92  scalbn.o(x$fpl$scalbn)
    x$fpl$trapveneer                         0x08005d12   Section       48  trapv.o(x$fpl$trapveneer)
    .constdata                               0x08005d42   Section     1520  oled.o(.constdata)
    x$fpl$usenofp                            0x08005d42   Section        0  usenofp.o(x$fpl$usenofp)
    .constdata                               0x08006334   Section       80  inv_mpu.o(.constdata)
    .constdata                               0x08006384   Section     3062  inv_mpu_dmp_motion_driver.o(.constdata)
    dmp_memory                               0x08006384   Data        3062  inv_mpu_dmp_motion_driver.o(.constdata)
    .constdata                               0x08006f80   Section       80  asin.o(.constdata)
    pS                                       0x08006f80   Data          48  asin.o(.constdata)
    qS                                       0x08006fb0   Data          32  asin.o(.constdata)
    .constdata                               0x08006fd0   Section      152  atan.o(.constdata)
    atanhi                                   0x08006fd0   Data          32  atan.o(.constdata)
    atanlo                                   0x08006ff0   Data          32  atan.o(.constdata)
    aTodd                                    0x08007010   Data          40  atan.o(.constdata)
    aTeven                                   0x08007038   Data          48  atan.o(.constdata)
    .constdata                               0x08007068   Section        8  qnan.o(.constdata)
    .data                                    0x20000000   Section       53  inv_mpu.o(.data)
    st                                       0x20000000   Data          44  inv_mpu.o(.data)
    gyro_orientation                         0x2000002c   Data           9  inv_mpu.o(.data)
    .data                                    0x20000038   Section       28  pid.o(.data)
    .data                                    0x20000054   Section       52  main.o(.data)
    .bss                                     0x20000088   Section       16  inv_mpu_dmp_motion_driver.o(.bss)
    dmp                                      0x20000088   Data          16  inv_mpu_dmp_motion_driver.o(.bss)
    .bss                                     0x20000098   Section       96  libspace.o(.bss)
    HEAP                                     0x200000f8   Section      512  startup_stm32f10x_md.o(HEAP)
    Heap_Mem                                 0x200000f8   Data         512  startup_stm32f10x_md.o(HEAP)
    STACK                                    0x200002f8   Section     1024  startup_stm32f10x_md.o(STACK)
    Stack_Mem                                0x200002f8   Data        1024  startup_stm32f10x_md.o(STACK)
    __initial_sp                             0x200006f8   Data           0  startup_stm32f10x_md.o(STACK)

    Global Symbols

    Symbol Name                              Value     Ov Type        Size  Object(Section)

    BuildAttributes$$THM_ISAv4$P$D$K$B$S$PE$A:L22UL41UL21$X:L11$S22US41US21$IEEE1$IW$USESV6$~STKCKD$USESV7$~SHL$OTIME$ROPI$IEEEX$EBA8$UX$STANDARDLIB$REQ8$PRES8$EABIv2 0x00000000   Number         0  anon$$obj.o ABSOLUTE
    __ARM_use_no_argv                        0x00000000   Number         0  main.o ABSOLUTE
    _printf_flags                            0x00000000   Number         0  printf_stubs.o ABSOLUTE
    _printf_return_value                     0x00000000   Number         0  printf_stubs.o ABSOLUTE
    _printf_sizespec                         0x00000000   Number         0  printf_stubs.o ABSOLUTE
    _printf_widthprec                        0x00000000   Number         0  printf_stubs.o ABSOLUTE
    __ARM_exceptions_init                     - Undefined Weak Reference
    __alloca_initialize                       - Undefined Weak Reference
    __arm_fini_                               - Undefined Weak Reference
    __arm_preinit_                            - Undefined Weak Reference
    __cpp_initialize__aeabi_                  - Undefined Weak Reference
    __cxa_finalize                            - Undefined Weak Reference
    __rt_locale                               - Undefined Weak Reference
    __sigvec_lookup                           - Undefined Weak Reference
    __user_heap_extent                        - Undefined Weak Reference
    _atexit_init                              - Undefined Weak Reference
    _call_atexit_fns                          - Undefined Weak Reference
    _clock_init                               - Undefined Weak Reference
    _fp_trap_init                             - Undefined Weak Reference
    _fp_trap_shutdown                         - Undefined Weak Reference
    _get_lc_collate                           - Undefined Weak Reference
    _get_lc_ctype                             - Undefined Weak Reference
    _get_lc_monetary                          - Undefined Weak Reference
    _get_lc_numeric                           - Undefined Weak Reference
    _get_lc_time                              - Undefined Weak Reference
    _getenv_init                              - Undefined Weak Reference
    _handle_redirection                       - Undefined Weak Reference
    _mutex_acquire                            - Undefined Weak Reference
    _mutex_free                               - Undefined Weak Reference
    _mutex_release                            - Undefined Weak Reference
    _printf_truncate_unsigned                 - Undefined Weak Reference
    _rand_init                                - Undefined Weak Reference
    _signal_finish                            - Undefined Weak Reference
    _signal_init                              - Undefined Weak Reference
    __Vectors_Size                           0x000000ec   Number         0  startup_stm32f10x_md.o ABSOLUTE
    __Vectors                                0x08000000   Data           4  startup_stm32f10x_md.o(RESET)
    __Vectors_End                            0x080000ec   Data           0  startup_stm32f10x_md.o(RESET)
    __main                                   0x080000ed   Thumb Code     8  __main.o(!!!main)
    __scatterload                            0x080000f5   Thumb Code     0  __scatter.o(!!!scatter)
    __scatterload_rt2                        0x080000f5   Thumb Code    44  __scatter.o(!!!scatter)
    __scatterload_rt2_thumb_only             0x080000f5   Thumb Code     0  __scatter.o(!!!scatter)
    __scatterload_null                       0x08000103   Thumb Code     0  __scatter.o(!!!scatter)
    __scatterload_copy                       0x08000129   Thumb Code    26  __scatter_copy.o(!!handler_copy)
    __scatterload_zeroinit                   0x08000145   Thumb Code    28  __scatter_zi.o(!!handler_zi)
    __rt_lib_init                            0x08000161   Thumb Code     0  libinit.o(.ARM.Collect$$libinit$$00000000)
    __rt_lib_init_alloca_1                   0x08000163   Thumb Code     0  libinit2.o(.ARM.Collect$$libinit$$0000002E)
    __rt_lib_init_argv_1                     0x08000163   Thumb Code     0  libinit2.o(.ARM.Collect$$libinit$$0000002C)
    __rt_lib_init_atexit_1                   0x08000163   Thumb Code     0  libinit2.o(.ARM.Collect$$libinit$$0000001B)
    __rt_lib_init_clock_1                    0x08000163   Thumb Code     0  libinit2.o(.ARM.Collect$$libinit$$00000021)
    __rt_lib_init_cpp_1                      0x08000163   Thumb Code     0  libinit2.o(.ARM.Collect$$libinit$$00000032)
    __rt_lib_init_exceptions_1               0x08000163   Thumb Code     0  libinit2.o(.ARM.Collect$$libinit$$00000030)
    __rt_lib_init_fp_1                       0x08000163   Thumb Code     0  libinit2.o(.ARM.Collect$$libinit$$00000002)
    __rt_lib_init_fp_trap_1                  0x08000163   Thumb Code     0  libinit2.o(.ARM.Collect$$libinit$$0000001F)
    __rt_lib_init_getenv_1                   0x08000163   Thumb Code     0  libinit2.o(.ARM.Collect$$libinit$$00000023)
    __rt_lib_init_heap_1                     0x08000163   Thumb Code     0  libinit2.o(.ARM.Collect$$libinit$$0000000A)
    __rt_lib_init_lc_collate_1               0x08000163   Thumb Code     0  libinit2.o(.ARM.Collect$$libinit$$00000011)
    __rt_lib_init_lc_ctype_1                 0x08000163   Thumb Code     0  libinit2.o(.ARM.Collect$$libinit$$00000013)
    __rt_lib_init_lc_monetary_1              0x08000163   Thumb Code     0  libinit2.o(.ARM.Collect$$libinit$$00000015)
    __rt_lib_init_lc_numeric_1               0x08000163   Thumb Code     0  libinit2.o(.ARM.Collect$$libinit$$00000017)
    __rt_lib_init_lc_time_1                  0x08000163   Thumb Code     0  libinit2.o(.ARM.Collect$$libinit$$00000019)
    __rt_lib_init_preinit_1                  0x08000163   Thumb Code     0  libinit2.o(.ARM.Collect$$libinit$$00000004)
    __rt_lib_init_rand_1                     0x08000163   Thumb Code     0  libinit2.o(.ARM.Collect$$libinit$$0000000E)
    __rt_lib_init_return                     0x08000163   Thumb Code     0  libinit2.o(.ARM.Collect$$libinit$$00000033)
    __rt_lib_init_signal_1                   0x08000163   Thumb Code     0  libinit2.o(.ARM.Collect$$libinit$$0000001D)
    __rt_lib_init_stdio_1                    0x08000163   Thumb Code     0  libinit2.o(.ARM.Collect$$libinit$$00000025)
    __rt_lib_init_user_alloc_1               0x08000163   Thumb Code     0  libinit2.o(.ARM.Collect$$libinit$$0000000C)
    __rt_lib_shutdown                        0x08000165   Thumb Code     0  libshutdown.o(.ARM.Collect$$libshutdown$$00000000)
    __rt_lib_shutdown_cpp_1                  0x08000167   Thumb Code     0  libshutdown2.o(.ARM.Collect$$libshutdown$$00000004)
    __rt_lib_shutdown_fini_1                 0x08000167   Thumb Code     0  libshutdown2.o(.ARM.Collect$$libshutdown$$00000002)
    __rt_lib_shutdown_fp_trap_1              0x08000167   Thumb Code     0  libshutdown2.o(.ARM.Collect$$libshutdown$$00000009)
    __rt_lib_shutdown_heap_1                 0x08000167   Thumb Code     0  libshutdown2.o(.ARM.Collect$$libshutdown$$00000011)
    __rt_lib_shutdown_return                 0x08000167   Thumb Code     0  libshutdown2.o(.ARM.Collect$$libshutdown$$00000012)
    __rt_lib_shutdown_signal_1               0x08000167   Thumb Code     0  libshutdown2.o(.ARM.Collect$$libshutdown$$0000000C)
    __rt_lib_shutdown_stdio_1                0x08000167   Thumb Code     0  libshutdown2.o(.ARM.Collect$$libshutdown$$00000006)
    __rt_lib_shutdown_user_alloc_1           0x08000167   Thumb Code     0  libshutdown2.o(.ARM.Collect$$libshutdown$$0000000E)
    __rt_entry                               0x08000169   Thumb Code     0  __rtentry.o(.ARM.Collect$$rtentry$$00000000)
    __rt_entry_presh_1                       0x08000169   Thumb Code     0  __rtentry2.o(.ARM.Collect$$rtentry$$00000002)
    __rt_entry_sh                            0x08000169   Thumb Code     0  __rtentry4.o(.ARM.Collect$$rtentry$$00000004)
    __rt_entry_li                            0x0800016f   Thumb Code     0  __rtentry2.o(.ARM.Collect$$rtentry$$0000000A)
    __rt_entry_postsh_1                      0x0800016f   Thumb Code     0  __rtentry2.o(.ARM.Collect$$rtentry$$00000009)
    __rt_entry_main                          0x08000173   Thumb Code     0  __rtentry2.o(.ARM.Collect$$rtentry$$0000000D)
    __rt_entry_postli_1                      0x08000173   Thumb Code     0  __rtentry2.o(.ARM.Collect$$rtentry$$0000000C)
    __rt_exit                                0x0800017b   Thumb Code     0  rtexit.o(.ARM.Collect$$rtexit$$00000000)
    __rt_exit_ls                             0x0800017d   Thumb Code     0  rtexit2.o(.ARM.Collect$$rtexit$$00000003)
    __rt_exit_prels_1                        0x0800017d   Thumb Code     0  rtexit2.o(.ARM.Collect$$rtexit$$00000002)
    __rt_exit_exit                           0x08000181   Thumb Code     0  rtexit2.o(.ARM.Collect$$rtexit$$00000004)
    Reset_Handler                            0x08000189   Thumb Code     8  startup_stm32f10x_md.o(.text)
    ADC1_2_IRQHandler                        0x080001a3   Thumb Code     0  startup_stm32f10x_md.o(.text)
    CAN1_RX1_IRQHandler                      0x080001a3   Thumb Code     0  startup_stm32f10x_md.o(.text)
    CAN1_SCE_IRQHandler                      0x080001a3   Thumb Code     0  startup_stm32f10x_md.o(.text)
    DMA1_Channel1_IRQHandler                 0x080001a3   Thumb Code     0  startup_stm32f10x_md.o(.text)
    DMA1_Channel2_IRQHandler                 0x080001a3   Thumb Code     0  startup_stm32f10x_md.o(.text)
    DMA1_Channel3_IRQHandler                 0x080001a3   Thumb Code     0  startup_stm32f10x_md.o(.text)
    DMA1_Channel4_IRQHandler                 0x080001a3   Thumb Code     0  startup_stm32f10x_md.o(.text)
    DMA1_Channel5_IRQHandler                 0x080001a3   Thumb Code     0  startup_stm32f10x_md.o(.text)
    DMA1_Channel6_IRQHandler                 0x080001a3   Thumb Code     0  startup_stm32f10x_md.o(.text)
    DMA1_Channel7_IRQHandler                 0x080001a3   Thumb Code     0  startup_stm32f10x_md.o(.text)
    EXTI0_IRQHandler                         0x080001a3   Thumb Code     0  startup_stm32f10x_md.o(.text)
    EXTI15_10_IRQHandler                     0x080001a3   Thumb Code     0  startup_stm32f10x_md.o(.text)
    EXTI1_IRQHandler                         0x080001a3   Thumb Code     0  startup_stm32f10x_md.o(.text)
    EXTI2_IRQHandler                         0x080001a3   Thumb Code     0  startup_stm32f10x_md.o(.text)
    EXTI3_IRQHandler                         0x080001a3   Thumb Code     0  startup_stm32f10x_md.o(.text)
    EXTI4_IRQHandler                         0x080001a3   Thumb Code     0  startup_stm32f10x_md.o(.text)
    EXTI9_5_IRQHandler                       0x080001a3   Thumb Code     0  startup_stm32f10x_md.o(.text)
    FLASH_IRQHandler                         0x080001a3   Thumb Code     0  startup_stm32f10x_md.o(.text)
    I2C1_ER_IRQHandler                       0x080001a3   Thumb Code     0  startup_stm32f10x_md.o(.text)
    I2C1_EV_IRQHandler                       0x080001a3   Thumb Code     0  startup_stm32f10x_md.o(.text)
    I2C2_ER_IRQHandler                       0x080001a3   Thumb Code     0  startup_stm32f10x_md.o(.text)
    I2C2_EV_IRQHandler                       0x080001a3   Thumb Code     0  startup_stm32f10x_md.o(.text)
    PVD_IRQHandler                           0x080001a3   Thumb Code     0  startup_stm32f10x_md.o(.text)
    RCC_IRQHandler                           0x080001a3   Thumb Code     0  startup_stm32f10x_md.o(.text)
    RTCAlarm_IRQHandler                      0x080001a3   Thumb Code     0  startup_stm32f10x_md.o(.text)
    RTC_IRQHandler                           0x080001a3   Thumb Code     0  startup_stm32f10x_md.o(.text)
    SPI1_IRQHandler                          0x080001a3   Thumb Code     0  startup_stm32f10x_md.o(.text)
    SPI2_IRQHandler                          0x080001a3   Thumb Code     0  startup_stm32f10x_md.o(.text)
    TAMPER_IRQHandler                        0x080001a3   Thumb Code     0  startup_stm32f10x_md.o(.text)
    TIM1_BRK_IRQHandler                      0x080001a3   Thumb Code     0  startup_stm32f10x_md.o(.text)
    TIM1_CC_IRQHandler                       0x080001a3   Thumb Code     0  startup_stm32f10x_md.o(.text)
    TIM1_TRG_COM_IRQHandler                  0x080001a3   Thumb Code     0  startup_stm32f10x_md.o(.text)
    TIM2_IRQHandler                          0x080001a3   Thumb Code     0  startup_stm32f10x_md.o(.text)
    TIM3_IRQHandler                          0x080001a3   Thumb Code     0  startup_stm32f10x_md.o(.text)
    TIM4_IRQHandler                          0x080001a3   Thumb Code     0  startup_stm32f10x_md.o(.text)
    USART1_IRQHandler                        0x080001a3   Thumb Code     0  startup_stm32f10x_md.o(.text)
    USART2_IRQHandler                        0x080001a3   Thumb Code     0  startup_stm32f10x_md.o(.text)
    USART3_IRQHandler                        0x080001a3   Thumb Code     0  startup_stm32f10x_md.o(.text)
    USBWakeUp_IRQHandler                     0x080001a3   Thumb Code     0  startup_stm32f10x_md.o(.text)
    USB_HP_CAN1_TX_IRQHandler                0x080001a3   Thumb Code     0  startup_stm32f10x_md.o(.text)
    USB_LP_CAN1_RX0_IRQHandler               0x080001a3   Thumb Code     0  startup_stm32f10x_md.o(.text)
    WWDG_IRQHandler                          0x080001a3   Thumb Code     0  startup_stm32f10x_md.o(.text)
    __user_initial_stackheap                 0x080001a5   Thumb Code     0  startup_stm32f10x_md.o(.text)
    __aeabi_ldivmod                          0x080001c9   Thumb Code     0  llsdiv.o(.text)
    _ll_sdiv                                 0x080001c9   Thumb Code    72  llsdiv.o(.text)
    memcmp                                   0x08000211   Thumb Code    88  memcmp.o(.text)
    __aeabi_memset                           0x08000269   Thumb Code    16  aeabi_memset.o(.text)
    __use_two_region_memory                  0x08000279   Thumb Code     2  heapauxi.o(.text)
    __rt_heap_escrow                         0x0800027b   Thumb Code     2  heapauxi.o(.text)
    __rt_heap_expand                         0x0800027d   Thumb Code     2  heapauxi.o(.text)
    __aeabi_uldivmod                         0x0800027f   Thumb Code     0  lludivv7m.o(.text)
    _ll_udiv                                 0x0800027f   Thumb Code   238  lludivv7m.o(.text)
    __read_errno                             0x0800036d   Thumb Code    10  _rserrno.o(.text)
    __set_errno                              0x08000377   Thumb Code    12  _rserrno.o(.text)
    __aeabi_memclr                           0x08000383   Thumb Code     0  rt_memclr.o(.text)
    __rt_memclr                              0x08000383   Thumb Code    68  rt_memclr.o(.text)
    _memset                                  0x08000387   Thumb Code     0  rt_memclr.o(.text)
    __aeabi_errno_addr                       0x080003c9   Thumb Code     8  rt_errno_addr_intlibspace.o(.text)
    __errno$intlibspace                      0x080003c9   Thumb Code     0  rt_errno_addr_intlibspace.o(.text)
    __rt_errno_addr$intlibspace              0x080003c9   Thumb Code     0  rt_errno_addr_intlibspace.o(.text)
    __aeabi_memclr4                          0x080003d1   Thumb Code     0  rt_memclr_w.o(.text)
    __aeabi_memclr8                          0x080003d1   Thumb Code     0  rt_memclr_w.o(.text)
    __rt_memclr_w                            0x080003d1   Thumb Code    78  rt_memclr_w.o(.text)
    _memset_w                                0x080003d5   Thumb Code     0  rt_memclr_w.o(.text)
    __user_libspace                          0x08000421   Thumb Code     8  libspace.o(.text)
    __user_perproc_libspace                  0x08000421   Thumb Code     0  libspace.o(.text)
    __user_perthread_libspace                0x08000421   Thumb Code     0  libspace.o(.text)
    __user_setup_stackheap                   0x08000429   Thumb Code    74  sys_stackheap_outer.o(.text)
    exit                                     0x08000473   Thumb Code    18  exit.o(.text)
    __I$use$semihosting                      0x08000485   Thumb Code     0  use_no_semi.o(.text)
    __use_no_semihosting_swi                 0x08000485   Thumb Code     2  use_no_semi.o(.text)
    __semihosting_library_function           0x08000487   Thumb Code     0  indicate_semi.o(.text)
    _sys_exit                                0x08000489   Thumb Code     8  sys_exit.o(.text)
    BusFault_Handler                         0x08000495   Thumb Code     4  stm32f10x_it.o(i.BusFault_Handler)
    DebugMon_Handler                         0x08000499   Thumb Code     2  stm32f10x_it.o(i.DebugMon_Handler)
    Encoder_Get3                             0x0800049d   Thumb Code    22  encoder.o(i.Encoder_Get3)
    Encoder_Get4                             0x080004b9   Thumb Code    22  encoder.o(i.Encoder_Get4)
    Encoder_Init                             0x080004d5   Thumb Code   244  encoder.o(i.Encoder_Init)
    GPIO_Init                                0x080005d9   Thumb Code   278  stm32f10x_gpio.o(i.GPIO_Init)
    GPIO_ResetBits                           0x080006ef   Thumb Code     4  stm32f10x_gpio.o(i.GPIO_ResetBits)
    GPIO_SetBits                             0x080006f3   Thumb Code     4  stm32f10x_gpio.o(i.GPIO_SetBits)
    GPIO_WriteBit                            0x080006f7   Thumb Code    10  stm32f10x_gpio.o(i.GPIO_WriteBit)
    HardFault_Handler                        0x08000701   Thumb Code     4  stm32f10x_it.o(i.HardFault_Handler)
    MPU_IIC_Ack                              0x08000705   Thumb Code    62  mpuiic.o(i.MPU_IIC_Ack)
    MPU_IIC_Delay                            0x08000751   Thumb Code    10  mpuiic.o(i.MPU_IIC_Delay)
    MPU_IIC_Init                             0x0800075d   Thumb Code    50  mpuiic.o(i.MPU_IIC_Init)
    MPU_IIC_NAck                             0x08000795   Thumb Code    62  mpuiic.o(i.MPU_IIC_NAck)
    MPU_IIC_Read_Byte                        0x080007e1   Thumb Code    94  mpuiic.o(i.MPU_IIC_Read_Byte)
    MPU_IIC_Send_Byte                        0x0800084d   Thumb Code    80  mpuiic.o(i.MPU_IIC_Send_Byte)
    MPU_IIC_Start                            0x080008a9   Thumb Code    60  mpuiic.o(i.MPU_IIC_Start)
    MPU_IIC_Stop                             0x080008f1   Thumb Code    58  mpuiic.o(i.MPU_IIC_Stop)
    MPU_IIC_Wait_Ack                         0x08000939   Thumb Code    86  mpuiic.o(i.MPU_IIC_Wait_Ack)
    MPU_Init                                 0x0800099d   Thumb Code   122  mpu6050.o(i.MPU_Init)
    MPU_Read_Byte                            0x08000a17   Thumb Code    58  mpu6050.o(i.MPU_Read_Byte)
    MPU_Read_Len                             0x08000a51   Thumb Code   116  mpu6050.o(i.MPU_Read_Len)
    MPU_Set_Accel_Fsr                        0x08000ac5   Thumb Code    16  mpu6050.o(i.MPU_Set_Accel_Fsr)
    MPU_Set_Gyro_Fsr                         0x08000ad5   Thumb Code    16  mpu6050.o(i.MPU_Set_Gyro_Fsr)
    MPU_Set_LPF                              0x08000ae5   Thumb Code    58  mpu6050.o(i.MPU_Set_LPF)
    MPU_Set_Rate                             0x08000b1f   Thumb Code    58  mpu6050.o(i.MPU_Set_Rate)
    MPU_Write_Byte                           0x08000b59   Thumb Code    68  mpu6050.o(i.MPU_Write_Byte)
    MPU_Write_Len                            0x08000b9d   Thumb Code    96  mpu6050.o(i.MPU_Write_Len)
    MemManage_Handler                        0x08000bfd   Thumb Code     4  stm32f10x_it.o(i.MemManage_Handler)
    Motor_Init                               0x08000c01   Thumb Code    44  motor.o(i.Motor_Init)
    Motor_SetSpeed1                          0x08000c31   Thumb Code    82  motor.o(i.Motor_SetSpeed1)
    Motor_SetSpeed2                          0x08000c89   Thumb Code    66  motor.o(i.Motor_SetSpeed2)
    NMI_Handler                              0x08000cd1   Thumb Code     2  stm32f10x_it.o(i.NMI_Handler)
    NVIC_Init                                0x08000cd5   Thumb Code   100  misc.o(i.NVIC_Init)
    NVIC_PriorityGroupConfig                 0x08000d45   Thumb Code    10  misc.o(i.NVIC_PriorityGroupConfig)
    OLED_Clear                               0x08000d59   Thumb Code    42  oled.o(i.OLED_Clear)
    OLED_I2C_Init                            0x08000d85   Thumb Code    72  oled.o(i.OLED_I2C_Init)
    OLED_I2C_SendByte                        0x08000dd1   Thumb Code    74  oled.o(i.OLED_I2C_SendByte)
    OLED_I2C_Start                           0x08000e21   Thumb Code    44  oled.o(i.OLED_I2C_Start)
    OLED_I2C_Stop                            0x08000e51   Thumb Code    34  oled.o(i.OLED_I2C_Stop)
    OLED_Init                                0x08000e79   Thumb Code   174  oled.o(i.OLED_Init)
    OLED_Pow                                 0x08000f27   Thumb Code    20  oled.o(i.OLED_Pow)
    OLED_SetCursor                           0x08000f3b   Thumb Code    34  oled.o(i.OLED_SetCursor)
    OLED_ShowChar                            0x08000f5d   Thumb Code   110  oled.o(i.OLED_ShowChar)
    OLED_ShowSignedNum                       0x08000fd1   Thumb Code   102  oled.o(i.OLED_ShowSignedNum)
    OLED_WriteCommand                        0x08001037   Thumb Code    32  oled.o(i.OLED_WriteCommand)
    OLED_WriteData                           0x08001057   Thumb Code    32  oled.o(i.OLED_WriteData)
    PWM_Init                                 0x08001079   Thumb Code   178  pwm.o(i.PWM_Init)
    PWM_SetCompare3                          0x08001131   Thumb Code    16  pwm.o(i.PWM_SetCompare3)
    PWM_SetCompare4                          0x08001141   Thumb Code    16  pwm.o(i.PWM_SetCompare4)
    PWM_Xianfu                               0x08001151   Thumb Code    22  main.o(i.PWM_Xianfu)
    PendSV_Handler                           0x08001167   Thumb Code     2  stm32f10x_it.o(i.PendSV_Handler)
    RCC_APB1PeriphClockCmd                   0x08001169   Thumb Code    26  stm32f10x_rcc.o(i.RCC_APB1PeriphClockCmd)
    RCC_APB2PeriphClockCmd                   0x08001189   Thumb Code    26  stm32f10x_rcc.o(i.RCC_APB2PeriphClockCmd)
    SVC_Handler                              0x080011a9   Thumb Code     2  stm32f10x_it.o(i.SVC_Handler)
    SysTick_Handler                          0x08001295   Thumb Code     2  stm32f10x_it.o(i.SysTick_Handler)
    SystemInit                               0x08001299   Thumb Code    78  system_stm32f10x.o(i.SystemInit)
    TIM1_UP_IRQHandler                       0x08001539   Thumb Code   120  main.o(i.TIM1_UP_IRQHandler)
    TIM_ClearFlag                            0x080015cd   Thumb Code     6  stm32f10x_tim.o(i.TIM_ClearFlag)
    TIM_ClearITPendingBit                    0x080015d3   Thumb Code     6  stm32f10x_tim.o(i.TIM_ClearITPendingBit)
    TIM_Cmd                                  0x080015d9   Thumb Code    24  stm32f10x_tim.o(i.TIM_Cmd)
    TIM_EncoderInterfaceConfig               0x080015f1   Thumb Code    66  stm32f10x_tim.o(i.TIM_EncoderInterfaceConfig)
    TIM_GetCounter                           0x08001633   Thumb Code     6  stm32f10x_tim.o(i.TIM_GetCounter)
    TIM_GetITStatus                          0x08001639   Thumb Code    34  stm32f10x_tim.o(i.TIM_GetITStatus)
    TIM_ICInit                               0x0800165d   Thumb Code   150  stm32f10x_tim.o(i.TIM_ICInit)
    TIM_ICStructInit                         0x08001709   Thumb Code    18  stm32f10x_tim.o(i.TIM_ICStructInit)
    TIM_ITConfig                             0x0800171b   Thumb Code    18  stm32f10x_tim.o(i.TIM_ITConfig)
    TIM_InternalClockConfig                  0x0800172d   Thumb Code    12  stm32f10x_tim.o(i.TIM_InternalClockConfig)
    TIM_OC3Init                              0x08001739   Thumb Code   150  stm32f10x_tim.o(i.TIM_OC3Init)
    TIM_OC4Init                              0x080017d9   Thumb Code   114  stm32f10x_tim.o(i.TIM_OC4Init)
    TIM_OCStructInit                         0x08001855   Thumb Code    20  stm32f10x_tim.o(i.TIM_OCStructInit)
    TIM_SetCompare3                          0x08001869   Thumb Code     4  stm32f10x_tim.o(i.TIM_SetCompare3)
    TIM_SetCompare4                          0x0800186d   Thumb Code     6  stm32f10x_tim.o(i.TIM_SetCompare4)
    TIM_SetCounter                           0x08001873   Thumb Code     4  stm32f10x_tim.o(i.TIM_SetCounter)
    TIM_SetIC1Prescaler                      0x08001877   Thumb Code    18  stm32f10x_tim.o(i.TIM_SetIC1Prescaler)
    TIM_SetIC2Prescaler                      0x08001889   Thumb Code    26  stm32f10x_tim.o(i.TIM_SetIC2Prescaler)
    TIM_SetIC3Prescaler                      0x080018a3   Thumb Code    18  stm32f10x_tim.o(i.TIM_SetIC3Prescaler)
    TIM_SetIC4Prescaler                      0x080018b5   Thumb Code    26  stm32f10x_tim.o(i.TIM_SetIC4Prescaler)
    TIM_TimeBaseInit                         0x080018d1   Thumb Code   122  stm32f10x_tim.o(i.TIM_TimeBaseInit)
    Timer_Init                               0x08001975   Thumb Code   120  timer.o(i.Timer_Init)
    UsageFault_Handler                       0x080019f1   Thumb Code     4  stm32f10x_it.o(i.UsageFault_Handler)
    __ARM_fpclassify                         0x080019f5   Thumb Code    40  fpclassify.o(i.__ARM_fpclassify)
    __kernel_poly                            0x08001a1d   Thumb Code   170  poly.o(i.__kernel_poly)
    __mathlib_dbl_infnan                     0x08001ac7   Thumb Code     6  dunder.o(i.__mathlib_dbl_infnan)
    __mathlib_dbl_infnan2                    0x08001acd   Thumb Code     4  dunder.o(i.__mathlib_dbl_infnan2)
    __mathlib_dbl_invalid                    0x08001ad1   Thumb Code    12  dunder.o(i.__mathlib_dbl_invalid)
    __mathlib_dbl_underflow                  0x08001add   Thumb Code    10  dunder.o(i.__mathlib_dbl_underflow)
    asin                                     0x08001b95   Thumb Code   572  asin.o(i.asin)
    atan                                     0x08001e05   Thumb Code   474  atan.o(i.atan)
    atan2                                    0x08002025   Thumb Code   374  atan2.o(i.atan2)
    delay_ms                                 0x08002225   Thumb Code    24  delay.o(i.delay_ms)
    delay_us                                 0x0800223d   Thumb Code    46  delay.o(i.delay_us)
    dmp_enable_6x_lp_quat                    0x0800226b   Thumb Code    60  inv_mpu_dmp_motion_driver.o(i.dmp_enable_6x_lp_quat)
    dmp_enable_feature                       0x080022a9   Thumb Code   530  inv_mpu_dmp_motion_driver.o(i.dmp_enable_feature)
    dmp_enable_gyro_cal                      0x080024c5   Thumb Code    62  inv_mpu_dmp_motion_driver.o(i.dmp_enable_gyro_cal)
    dmp_enable_lp_quat                       0x0800251d   Thumb Code    60  inv_mpu_dmp_motion_driver.o(i.dmp_enable_lp_quat)
    dmp_load_motion_driver_firmware          0x08002559   Thumb Code    20  inv_mpu_dmp_motion_driver.o(i.dmp_load_motion_driver_firmware)
    dmp_read_fifo                            0x08002571   Thumb Code   456  inv_mpu_dmp_motion_driver.o(i.dmp_read_fifo)
    dmp_set_accel_bias                       0x0800273d   Thumb Code   300  inv_mpu_dmp_motion_driver.o(i.dmp_set_accel_bias)
    dmp_set_fifo_rate                        0x0800286d   Thumb Code    96  inv_mpu_dmp_motion_driver.o(i.dmp_set_fifo_rate)
    dmp_set_gyro_bias                        0x080028dd   Thumb Code   294  inv_mpu_dmp_motion_driver.o(i.dmp_set_gyro_bias)
    dmp_set_orientation                      0x08002a0d   Thumb Code   290  inv_mpu_dmp_motion_driver.o(i.dmp_set_orientation)
    dmp_set_shake_reject_thresh              0x08002b45   Thumb Code    56  inv_mpu_dmp_motion_driver.o(i.dmp_set_shake_reject_thresh)
    dmp_set_shake_reject_time                0x08002b7d   Thumb Code    38  inv_mpu_dmp_motion_driver.o(i.dmp_set_shake_reject_time)
    dmp_set_shake_reject_timeout             0x08002ba3   Thumb Code    38  inv_mpu_dmp_motion_driver.o(i.dmp_set_shake_reject_timeout)
    dmp_set_tap_axes                         0x08002bc9   Thumb Code    70  inv_mpu_dmp_motion_driver.o(i.dmp_set_tap_axes)
    dmp_set_tap_count                        0x08002c0f   Thumb Code    38  inv_mpu_dmp_motion_driver.o(i.dmp_set_tap_count)
    dmp_set_tap_thresh                       0x08002c35   Thumb Code   396  inv_mpu_dmp_motion_driver.o(i.dmp_set_tap_thresh)
    dmp_set_tap_time                         0x08002dd5   Thumb Code    38  inv_mpu_dmp_motion_driver.o(i.dmp_set_tap_time)
    dmp_set_tap_time_multi                   0x08002dfb   Thumb Code    38  inv_mpu_dmp_motion_driver.o(i.dmp_set_tap_time_multi)
    inv_orientation_matrix_to_scalar         0x08003451   Thumb Code    40  inv_mpu.o(i.inv_orientation_matrix_to_scalar)
    inv_row_2_scale                          0x08003479   Thumb Code    78  inv_mpu.o(i.inv_row_2_scale)
    main                                     0x080034c9   Thumb Code   150  main.o(i.main)
    mget_ms                                  0x0800356d   Thumb Code     2  inv_mpu.o(i.mget_ms)
    mpu_configure_fifo                       0x08003571   Thumb Code   106  inv_mpu.o(i.mpu_configure_fifo)
    mpu_dmp_get_data                         0x080035e1   Thumb Code   544  inv_mpu.o(i.mpu_dmp_get_data)
    mpu_dmp_init                             0x08003805   Thumb Code   154  inv_mpu.o(i.mpu_dmp_init)
    mpu_get_accel_fsr                        0x080038a5   Thumb Code    72  inv_mpu.o(i.mpu_get_accel_fsr)
    mpu_get_accel_sens                       0x080038f1   Thumb Code    78  inv_mpu.o(i.mpu_get_accel_sens)
    mpu_get_fifo_config                      0x08003945   Thumb Code    12  inv_mpu.o(i.mpu_get_fifo_config)
    mpu_get_gyro_fsr                         0x08003955   Thumb Code    64  inv_mpu.o(i.mpu_get_gyro_fsr)
    mpu_get_gyro_sens                        0x08003999   Thumb Code    58  inv_mpu.o(i.mpu_get_gyro_sens)
    mpu_get_lpf                              0x080039e9   Thumb Code    74  inv_mpu.o(i.mpu_get_lpf)
    mpu_get_sample_rate                      0x08003a39   Thumb Code    26  inv_mpu.o(i.mpu_get_sample_rate)
    mpu_init                                 0x08003a59   Thumb Code   396  inv_mpu.o(i.mpu_init)
    mpu_load_firmware                        0x08003be9   Thumb Code   180  inv_mpu.o(i.mpu_load_firmware)
    mpu_lp_accel_mode                        0x08003ca1   Thumb Code   218  inv_mpu.o(i.mpu_lp_accel_mode)
    mpu_read_fifo_stream                     0x08003d81   Thumb Code   186  inv_mpu.o(i.mpu_read_fifo_stream)
    mpu_read_mem                             0x08003e41   Thumb Code   122  inv_mpu.o(i.mpu_read_mem)
    mpu_reset_fifo                           0x08003ec1   Thumb Code   450  inv_mpu.o(i.mpu_reset_fifo)
    mpu_run_self_test                        0x08004089   Thumb Code   278  inv_mpu.o(i.mpu_run_self_test)
    mpu_set_accel_fsr                        0x080041a5   Thumb Code   126  inv_mpu.o(i.mpu_set_accel_fsr)
    mpu_set_bypass                           0x08004229   Thumb Code   328  inv_mpu.o(i.mpu_set_bypass)
    mpu_set_dmp_state                        0x08004375   Thumb Code   138  inv_mpu.o(i.mpu_set_dmp_state)
    mpu_set_gyro_fsr                         0x08004405   Thumb Code   132  inv_mpu.o(i.mpu_set_gyro_fsr)
    mpu_set_int_latched                      0x0800448d   Thumb Code   102  inv_mpu.o(i.mpu_set_int_latched)
    mpu_set_lpf                              0x080044f9   Thumb Code   126  inv_mpu.o(i.mpu_set_lpf)
    mpu_set_sample_rate                      0x0800457d   Thumb Code   152  inv_mpu.o(i.mpu_set_sample_rate)
    mpu_set_sensors                          0x08004619   Thumb Code   202  inv_mpu.o(i.mpu_set_sensors)
    mpu_write_mem                            0x080046e9   Thumb Code   122  inv_mpu.o(i.mpu_write_mem)
    run_self_test                            0x08004769   Thumb Code   148  inv_mpu.o(i.run_self_test)
    sqrt                                     0x0800488d   Thumb Code    76  sqrt.o(i.sqrt)
    velocity_PID_value                       0x080048d9   Thumb Code   134  pid.o(i.velocity_PID_value)
    vertical_PID_value                       0x08004979   Thumb Code   126  pid.o(i.vertical_PID_value)
    xianfu                                   0x08004a15   Thumb Code    66  pid.o(i.xianfu)
    __aeabi_d2f                              0x08004a5d   Thumb Code     0  d2f.o(x$fpl$d2f)
    _d2f                                     0x08004a5d   Thumb Code    98  d2f.o(x$fpl$d2f)
    __aeabi_dadd                             0x08004ac1   Thumb Code     0  daddsub_clz.o(x$fpl$dadd)
    _dadd                                    0x08004ac1   Thumb Code   332  daddsub_clz.o(x$fpl$dadd)
    __fpl_dcheck_NaN1                        0x08004c11   Thumb Code    10  dcheck1.o(x$fpl$dcheck1)
    __fpl_dcmp_Inf                           0x08004c21   Thumb Code    24  dcmpi.o(x$fpl$dcmpinf)
    __aeabi_ddiv                             0x08004c39   Thumb Code     0  ddiv.o(x$fpl$ddiv)
    _ddiv                                    0x08004c39   Thumb Code   552  ddiv.o(x$fpl$ddiv)
    __aeabi_cdcmpeq                          0x08004ee9   Thumb Code     0  deqf.o(x$fpl$deqf)
    _dcmpeq                                  0x08004ee9   Thumb Code   120  deqf.o(x$fpl$deqf)
    __aeabi_dmul                             0x08004f61   Thumb Code     0  dmul.o(x$fpl$dmul)
    _dmul                                    0x08004f61   Thumb Code   332  dmul.o(x$fpl$dmul)
    __fpl_dnaninf                            0x080050b5   Thumb Code   156  dnaninf.o(x$fpl$dnaninf)
    __fpl_dretinf                            0x08005151   Thumb Code    12  dretinf.o(x$fpl$dretinf)
    __aeabi_drsub                            0x0800515d   Thumb Code     0  daddsub_clz.o(x$fpl$drsb)
    _drsb                                    0x0800515d   Thumb Code    22  daddsub_clz.o(x$fpl$drsb)
    _dsqrt                                   0x08005175   Thumb Code   456  dsqrt_noumaal.o(x$fpl$dsqrt)
    __aeabi_dsub                             0x08005341   Thumb Code     0  daddsub_clz.o(x$fpl$dsub)
    _dsub                                    0x08005341   Thumb Code   464  daddsub_clz.o(x$fpl$dsub)
    __aeabi_f2d                              0x08005515   Thumb Code     0  f2d.o(x$fpl$f2d)
    _f2d                                     0x08005515   Thumb Code    86  f2d.o(x$fpl$f2d)
    __aeabi_fadd                             0x0800556d   Thumb Code     0  faddsub_clz.o(x$fpl$fadd)
    _fadd                                    0x0800556d   Thumb Code   196  faddsub_clz.o(x$fpl$fadd)
    __fpl_fcmp_Inf                           0x08005631   Thumb Code    24  fcmpi.o(x$fpl$fcmpinf)
    __aeabi_fdiv                             0x08005649   Thumb Code     0  fdiv.o(x$fpl$fdiv)
    _fdiv                                    0x08005649   Thumb Code   384  fdiv.o(x$fpl$fdiv)
    __aeabi_cfcmpeq                          0x080057cd   Thumb Code     0  feqf.o(x$fpl$feqf)
    _fcmpeq                                  0x080057cd   Thumb Code   104  feqf.o(x$fpl$feqf)
    __aeabi_f2iz                             0x08005835   Thumb Code     0  ffix.o(x$fpl$ffix)
    _ffix                                    0x08005835   Thumb Code    54  ffix.o(x$fpl$ffix)
    __aeabi_f2uiz                            0x0800586d   Thumb Code     0  ffixu.o(x$fpl$ffixu)
    _ffixu                                   0x0800586d   Thumb Code    62  ffixu.o(x$fpl$ffixu)
    __aeabi_i2f                              0x080058ad   Thumb Code     0  fflt_clz.o(x$fpl$fflt)
    _fflt                                    0x080058ad   Thumb Code    48  fflt_clz.o(x$fpl$fflt)
    __aeabi_ui2f                             0x080058dd   Thumb Code     0  fflt_clz.o(x$fpl$ffltu)
    _ffltu                                   0x080058dd   Thumb Code    38  fflt_clz.o(x$fpl$ffltu)
    __aeabi_cfcmple                          0x08005905   Thumb Code     0  fleqf.o(x$fpl$fleqf)
    _fcmple                                  0x08005905   Thumb Code   104  fleqf.o(x$fpl$fleqf)
    __fpl_fcmple_InfNaN                      0x08005957   Thumb Code     0  fleqf.o(x$fpl$fleqf)
    __aeabi_fmul                             0x0800596d   Thumb Code     0  fmul.o(x$fpl$fmul)
    _fmul                                    0x0800596d   Thumb Code   258  fmul.o(x$fpl$fmul)
    __fpl_fnaninf                            0x08005a6f   Thumb Code   140  fnaninf.o(x$fpl$fnaninf)
    __fpl_fretinf                            0x08005afb   Thumb Code    10  fretinf.o(x$fpl$fretinf)
    __aeabi_cfrcmple                         0x08005b05   Thumb Code     0  frleqf.o(x$fpl$frleqf)
    _frcmple                                 0x08005b05   Thumb Code    98  frleqf.o(x$fpl$frleqf)
    __aeabi_fsub                             0x08005b69   Thumb Code     0  faddsub_clz.o(x$fpl$fsub)
    _fsub                                    0x08005b69   Thumb Code   234  faddsub_clz.o(x$fpl$fsub)
    __fpl_return_NaN                         0x08005c53   Thumb Code   100  retnan.o(x$fpl$retnan)
    __ARM_scalbn                             0x08005cb7   Thumb Code    92  scalbn.o(x$fpl$scalbn)
    __fpl_cmpreturn                          0x08005d13   Thumb Code    48  trapv.o(x$fpl$trapveneer)
    OLED_F8x16                               0x08005d42   Data        1520  oled.o(.constdata)
    __I$use$fp                               0x08005d42   Number         0  usenofp.o(x$fpl$usenofp)
    reg                                      0x08006334   Data          27  inv_mpu.o(.constdata)
    hw                                       0x08006350   Data          12  inv_mpu.o(.constdata)
    test                                     0x0800635c   Data          40  inv_mpu.o(.constdata)
    __mathlib_zero                           0x08007068   Data           8  qnan.o(.constdata)
    Region$$Table$$Base                      0x08007070   Number         0  anon$$obj.o(Region$$Table)
    Region$$Table$$Limit                     0x08007090   Number         0  anon$$obj.o(Region$$Table)
    err                                      0x20000038   Data           4  pid.o(.data)
    last_err                                 0x2000003c   Data           4  pid.o(.data)
    err_sum                                  0x20000040   Data           4  pid.o(.data)
    err_difference                           0x20000044   Data           4  pid.o(.data)
    filt_velocity                            0x20000048   Data           4  pid.o(.data)
    last_filt_velocity                       0x2000004c   Data           4  pid.o(.data)
    velocity_sum                             0x20000050   Data           4  pid.o(.data)
    Kp                                       0x20000054   Data           4  main.o(.data)
    Ki                                       0x20000058   Data           4  main.o(.data)
    Kd                                       0x2000005c   Data           4  main.o(.data)
    VKp                                      0x20000060   Data           4  main.o(.data)
    VKi                                      0x20000064   Data           4  main.o(.data)
    Speed                                    0x20000068   Data           4  main.o(.data)
    pitch                                    0x2000006c   Data           4  main.o(.data)
    roll                                     0x20000070   Data           4  main.o(.data)
    yaw                                      0x20000074   Data           4  main.o(.data)
    measure                                  0x20000078   Data           4  main.o(.data)
    calcu                                    0x2000007c   Data           4  main.o(.data)
    velocity                                 0x20000080   Data           4  main.o(.data)
    PWM                                      0x20000084   Data           4  main.o(.data)
    __libspace_start                         0x20000098   Data          96  libspace.o(.bss)
    __temporary_stack_top$libspace           0x200000f8   Data           0  libspace.o(.bss)



==============================================================================

Memory Map of the image

  Image Entry point : 0x080000ed

  Load Region LR_IROM1 (Base: 0x08000000, Size: 0x00007118, Max: 0x00010000, ABSOLUTE)

    Execution Region ER_IROM1 (Exec base: 0x08000000, Load base: 0x08000000, Size: 0x00007090, Max: 0x00010000, ABSOLUTE)

    Exec Addr    Load Addr    Size         Type   Attr      Idx    E Section Name        Object

    0x08000000   0x08000000   0x000000ec   Data   RO            3    RESET               startup_stm32f10x_md.o
    0x080000ec   0x080000ec   0x00000008   Code   RO         4358  * !!!main             c_w.l(__main.o)
    0x080000f4   0x080000f4   0x00000034   Code   RO         4863    !!!scatter          c_w.l(__scatter.o)
    0x08000128   0x08000128   0x0000001a   Code   RO         4865    !!handler_copy      c_w.l(__scatter_copy.o)
    0x08000142   0x08000142   0x00000002   PAD
    0x08000144   0x08000144   0x0000001c   Code   RO         4867    !!handler_zi        c_w.l(__scatter_zi.o)
    0x08000160   0x08000160   0x00000002   Code   RO         4648    .ARM.Collect$$libinit$$00000000  c_w.l(libinit.o)
    0x08000162   0x08000162   0x00000000   Code   RO         4650    .ARM.Collect$$libinit$$00000002  c_w.l(libinit2.o)
    0x08000162   0x08000162   0x00000000   Code   RO         4652    .ARM.Collect$$libinit$$00000004  c_w.l(libinit2.o)
    0x08000162   0x08000162   0x00000000   Code   RO         4655    .ARM.Collect$$libinit$$0000000A  c_w.l(libinit2.o)
    0x08000162   0x08000162   0x00000000   Code   RO         4657    .ARM.Collect$$libinit$$0000000C  c_w.l(libinit2.o)
    0x08000162   0x08000162   0x00000000   Code   RO         4659    .ARM.Collect$$libinit$$0000000E  c_w.l(libinit2.o)
    0x08000162   0x08000162   0x00000000   Code   RO         4662    .ARM.Collect$$libinit$$00000011  c_w.l(libinit2.o)
    0x08000162   0x08000162   0x00000000   Code   RO         4664    .ARM.Collect$$libinit$$00000013  c_w.l(libinit2.o)
    0x08000162   0x08000162   0x00000000   Code   RO         4666    .ARM.Collect$$libinit$$00000015  c_w.l(libinit2.o)
    0x08000162   0x08000162   0x00000000   Code   RO         4668    .ARM.Collect$$libinit$$00000017  c_w.l(libinit2.o)
    0x08000162   0x08000162   0x00000000   Code   RO         4670    .ARM.Collect$$libinit$$00000019  c_w.l(libinit2.o)
    0x08000162   0x08000162   0x00000000   Code   RO         4672    .ARM.Collect$$libinit$$0000001B  c_w.l(libinit2.o)
    0x08000162   0x08000162   0x00000000   Code   RO         4674    .ARM.Collect$$libinit$$0000001D  c_w.l(libinit2.o)
    0x08000162   0x08000162   0x00000000   Code   RO         4676    .ARM.Collect$$libinit$$0000001F  c_w.l(libinit2.o)
    0x08000162   0x08000162   0x00000000   Code   RO         4678    .ARM.Collect$$libinit$$00000021  c_w.l(libinit2.o)
    0x08000162   0x08000162   0x00000000   Code   RO         4680    .ARM.Collect$$libinit$$00000023  c_w.l(libinit2.o)
    0x08000162   0x08000162   0x00000000   Code   RO         4682    .ARM.Collect$$libinit$$00000025  c_w.l(libinit2.o)
    0x08000162   0x08000162   0x00000000   Code   RO         4686    .ARM.Collect$$libinit$$0000002C  c_w.l(libinit2.o)
    0x08000162   0x08000162   0x00000000   Code   RO         4688    .ARM.Collect$$libinit$$0000002E  c_w.l(libinit2.o)
    0x08000162   0x08000162   0x00000000   Code   RO         4690    .ARM.Collect$$libinit$$00000030  c_w.l(libinit2.o)
    0x08000162   0x08000162   0x00000000   Code   RO         4692    .ARM.Collect$$libinit$$00000032  c_w.l(libinit2.o)
    0x08000162   0x08000162   0x00000002   Code   RO         4693    .ARM.Collect$$libinit$$00000033  c_w.l(libinit2.o)
    0x08000164   0x08000164   0x00000002   Code   RO         4844    .ARM.Collect$$libshutdown$$00000000  c_w.l(libshutdown.o)
    0x08000166   0x08000166   0x00000000   Code   RO         4695    .ARM.Collect$$libshutdown$$00000002  c_w.l(libshutdown2.o)
    0x08000166   0x08000166   0x00000000   Code   RO         4697    .ARM.Collect$$libshutdown$$00000004  c_w.l(libshutdown2.o)
    0x08000166   0x08000166   0x00000000   Code   RO         4699    .ARM.Collect$$libshutdown$$00000006  c_w.l(libshutdown2.o)
    0x08000166   0x08000166   0x00000000   Code   RO         4702    .ARM.Collect$$libshutdown$$00000009  c_w.l(libshutdown2.o)
    0x08000166   0x08000166   0x00000000   Code   RO         4705    .ARM.Collect$$libshutdown$$0000000C  c_w.l(libshutdown2.o)
    0x08000166   0x08000166   0x00000000   Code   RO         4707    .ARM.Collect$$libshutdown$$0000000E  c_w.l(libshutdown2.o)
    0x08000166   0x08000166   0x00000000   Code   RO         4710    .ARM.Collect$$libshutdown$$00000011  c_w.l(libshutdown2.o)
    0x08000166   0x08000166   0x00000002   Code   RO         4711    .ARM.Collect$$libshutdown$$00000012  c_w.l(libshutdown2.o)
    0x08000168   0x08000168   0x00000000   Code   RO         4432    .ARM.Collect$$rtentry$$00000000  c_w.l(__rtentry.o)
    0x08000168   0x08000168   0x00000000   Code   RO         4503    .ARM.Collect$$rtentry$$00000002  c_w.l(__rtentry2.o)
    0x08000168   0x08000168   0x00000006   Code   RO         4515    .ARM.Collect$$rtentry$$00000004  c_w.l(__rtentry4.o)
    0x0800016e   0x0800016e   0x00000000   Code   RO         4505    .ARM.Collect$$rtentry$$00000009  c_w.l(__rtentry2.o)
    0x0800016e   0x0800016e   0x00000004   Code   RO         4506    .ARM.Collect$$rtentry$$0000000A  c_w.l(__rtentry2.o)
    0x08000172   0x08000172   0x00000000   Code   RO         4508    .ARM.Collect$$rtentry$$0000000C  c_w.l(__rtentry2.o)
    0x08000172   0x08000172   0x00000008   Code   RO         4509    .ARM.Collect$$rtentry$$0000000D  c_w.l(__rtentry2.o)
    0x0800017a   0x0800017a   0x00000002   Code   RO         4719    .ARM.Collect$$rtexit$$00000000  c_w.l(rtexit.o)
    0x0800017c   0x0800017c   0x00000000   Code   RO         4783    .ARM.Collect$$rtexit$$00000002  c_w.l(rtexit2.o)
    0x0800017c   0x0800017c   0x00000004   Code   RO         4784    .ARM.Collect$$rtexit$$00000003  c_w.l(rtexit2.o)
    0x08000180   0x08000180   0x00000006   Code   RO         4785    .ARM.Collect$$rtexit$$00000004  c_w.l(rtexit2.o)
    0x08000186   0x08000186   0x00000002   PAD
    0x08000188   0x08000188   0x00000040   Code   RO            4    .text               startup_stm32f10x_md.o
    0x080001c8   0x080001c8   0x00000048   Code   RO         4299    .text               c_w.l(llsdiv.o)
    0x08000210   0x08000210   0x00000058   Code   RO         4352    .text               c_w.l(memcmp.o)
    0x08000268   0x08000268   0x00000010   Code   RO         4354    .text               c_w.l(aeabi_memset.o)
    0x08000278   0x08000278   0x00000006   Code   RO         4356    .text               c_w.l(heapauxi.o)
    0x0800027e   0x0800027e   0x000000ee   Code   RO         4433    .text               c_w.l(lludivv7m.o)
    0x0800036c   0x0800036c   0x00000016   Code   RO         4435    .text               c_w.l(_rserrno.o)
    0x08000382   0x08000382   0x00000044   Code   RO         4448    .text               c_w.l(rt_memclr.o)
    0x080003c6   0x080003c6   0x00000002   PAD
    0x080003c8   0x080003c8   0x00000008   Code   RO         4524    .text               c_w.l(rt_errno_addr_intlibspace.o)
    0x080003d0   0x080003d0   0x0000004e   Code   RO         4542    .text               c_w.l(rt_memclr_w.o)
    0x0800041e   0x0800041e   0x00000002   PAD
    0x08000420   0x08000420   0x00000008   Code   RO         4557    .text               c_w.l(libspace.o)
    0x08000428   0x08000428   0x0000004a   Code   RO         4562    .text               c_w.l(sys_stackheap_outer.o)
    0x08000472   0x08000472   0x00000012   Code   RO         4637    .text               c_w.l(exit.o)
    0x08000484   0x08000484   0x00000002   Code   RO         4716    .text               c_w.l(use_no_semi.o)
    0x08000486   0x08000486   0x00000000   Code   RO         4718    .text               c_w.l(indicate_semi.o)
    0x08000486   0x08000486   0x00000002   PAD
    0x08000488   0x08000488   0x0000000c   Code   RO         4780    .text               c_w.l(sys_exit.o)
    0x08000494   0x08000494   0x00000004   Code   RO         4234    i.BusFault_Handler  stm32f10x_it.o
    0x08000498   0x08000498   0x00000002   Code   RO         4235    i.DebugMon_Handler  stm32f10x_it.o
    0x0800049a   0x0800049a   0x00000002   PAD
    0x0800049c   0x0800049c   0x0000001c   Code   RO         4073    i.Encoder_Get3      encoder.o
    0x080004b8   0x080004b8   0x0000001c   Code   RO         4074    i.Encoder_Get4      encoder.o
    0x080004d4   0x080004d4   0x00000104   Code   RO         4075    i.Encoder_Init      encoder.o
    0x080005d8   0x080005d8   0x00000116   Code   RO         1347    i.GPIO_Init         stm32f10x_gpio.o
    0x080006ee   0x080006ee   0x00000004   Code   RO         1354    i.GPIO_ResetBits    stm32f10x_gpio.o
    0x080006f2   0x080006f2   0x00000004   Code   RO         1355    i.GPIO_SetBits      stm32f10x_gpio.o
    0x080006f6   0x080006f6   0x0000000a   Code   RO         1358    i.GPIO_WriteBit     stm32f10x_gpio.o
    0x08000700   0x08000700   0x00000004   Code   RO         4236    i.HardFault_Handler  stm32f10x_it.o
    0x08000704   0x08000704   0x0000004c   Code   RO         3478    i.MPU_IIC_Ack       mpuiic.o
    0x08000750   0x08000750   0x0000000a   Code   RO         3479    i.MPU_IIC_Delay     mpuiic.o
    0x0800075a   0x0800075a   0x00000002   PAD
    0x0800075c   0x0800075c   0x00000038   Code   RO         3480    i.MPU_IIC_Init      mpuiic.o
    0x08000794   0x08000794   0x0000004c   Code   RO         3481    i.MPU_IIC_NAck      mpuiic.o
    0x080007e0   0x080007e0   0x0000006c   Code   RO         3482    i.MPU_IIC_Read_Byte  mpuiic.o
    0x0800084c   0x0800084c   0x0000005c   Code   RO         3483    i.MPU_IIC_Send_Byte  mpuiic.o
    0x080008a8   0x080008a8   0x00000048   Code   RO         3484    i.MPU_IIC_Start     mpuiic.o
    0x080008f0   0x080008f0   0x00000048   Code   RO         3485    i.MPU_IIC_Stop      mpuiic.o
    0x08000938   0x08000938   0x00000064   Code   RO         3486    i.MPU_IIC_Wait_Ack  mpuiic.o
    0x0800099c   0x0800099c   0x0000007a   Code   RO         3391    i.MPU_Init          mpu6050.o
    0x08000a16   0x08000a16   0x0000003a   Code   RO         3392    i.MPU_Read_Byte     mpu6050.o
    0x08000a50   0x08000a50   0x00000074   Code   RO         3393    i.MPU_Read_Len      mpu6050.o
    0x08000ac4   0x08000ac4   0x00000010   Code   RO         3394    i.MPU_Set_Accel_Fsr  mpu6050.o
    0x08000ad4   0x08000ad4   0x00000010   Code   RO         3395    i.MPU_Set_Gyro_Fsr  mpu6050.o
    0x08000ae4   0x08000ae4   0x0000003a   Code   RO         3396    i.MPU_Set_LPF       mpu6050.o
    0x08000b1e   0x08000b1e   0x0000003a   Code   RO         3397    i.MPU_Set_Rate      mpu6050.o
    0x08000b58   0x08000b58   0x00000044   Code   RO         3398    i.MPU_Write_Byte    mpu6050.o
    0x08000b9c   0x08000b9c   0x00000060   Code   RO         3399    i.MPU_Write_Len     mpu6050.o
    0x08000bfc   0x08000bfc   0x00000004   Code   RO         4237    i.MemManage_Handler  stm32f10x_it.o
    0x08000c00   0x08000c00   0x00000030   Code   RO         4125    i.Motor_Init        motor.o
    0x08000c30   0x08000c30   0x00000058   Code   RO         4126    i.Motor_SetSpeed1   motor.o
    0x08000c88   0x08000c88   0x00000048   Code   RO         4127    i.Motor_SetSpeed2   motor.o
    0x08000cd0   0x08000cd0   0x00000002   Code   RO         4238    i.NMI_Handler       stm32f10x_it.o
    0x08000cd2   0x08000cd2   0x00000002   PAD
    0x08000cd4   0x08000cd4   0x00000070   Code   RO          137    i.NVIC_Init         misc.o
    0x08000d44   0x08000d44   0x00000014   Code   RO          138    i.NVIC_PriorityGroupConfig  misc.o
    0x08000d58   0x08000d58   0x0000002a   Code   RO         3280    i.OLED_Clear        oled.o
    0x08000d82   0x08000d82   0x00000002   PAD
    0x08000d84   0x08000d84   0x0000004c   Code   RO         3281    i.OLED_I2C_Init     oled.o
    0x08000dd0   0x08000dd0   0x00000050   Code   RO         3282    i.OLED_I2C_SendByte  oled.o
    0x08000e20   0x08000e20   0x00000030   Code   RO         3283    i.OLED_I2C_Start    oled.o
    0x08000e50   0x08000e50   0x00000028   Code   RO         3284    i.OLED_I2C_Stop     oled.o
    0x08000e78   0x08000e78   0x000000ae   Code   RO         3285    i.OLED_Init         oled.o
    0x08000f26   0x08000f26   0x00000014   Code   RO         3286    i.OLED_Pow          oled.o
    0x08000f3a   0x08000f3a   0x00000022   Code   RO         3287    i.OLED_SetCursor    oled.o
    0x08000f5c   0x08000f5c   0x00000074   Code   RO         3289    i.OLED_ShowChar     oled.o
    0x08000fd0   0x08000fd0   0x00000066   Code   RO         3292    i.OLED_ShowSignedNum  oled.o
    0x08001036   0x08001036   0x00000020   Code   RO         3294    i.OLED_WriteCommand  oled.o
    0x08001056   0x08001056   0x00000020   Code   RO         3295    i.OLED_WriteData    oled.o
    0x08001076   0x08001076   0x00000002   PAD
    0x08001078   0x08001078   0x000000b8   Code   RO         4101    i.PWM_Init          pwm.o
    0x08001130   0x08001130   0x00000010   Code   RO         4102    i.PWM_SetCompare3   pwm.o
    0x08001140   0x08001140   0x00000010   Code   RO         4103    i.PWM_SetCompare4   pwm.o
    0x08001150   0x08001150   0x00000016   Code   RO         4183    i.PWM_Xianfu        main.o
    0x08001166   0x08001166   0x00000002   Code   RO         4239    i.PendSV_Handler    stm32f10x_it.o
    0x08001168   0x08001168   0x00000020   Code   RO         1775    i.RCC_APB1PeriphClockCmd  stm32f10x_rcc.o
    0x08001188   0x08001188   0x00000020   Code   RO         1777    i.RCC_APB2PeriphClockCmd  stm32f10x_rcc.o
    0x080011a8   0x080011a8   0x00000002   Code   RO         4240    i.SVC_Handler       stm32f10x_it.o
    0x080011aa   0x080011aa   0x00000008   Code   RO           24    i.SetSysClock       system_stm32f10x.o
    0x080011b2   0x080011b2   0x00000002   PAD
    0x080011b4   0x080011b4   0x000000e0   Code   RO           25    i.SetSysClockTo72   system_stm32f10x.o
    0x08001294   0x08001294   0x00000002   Code   RO         4241    i.SysTick_Handler   stm32f10x_it.o
    0x08001296   0x08001296   0x00000002   PAD
    0x08001298   0x08001298   0x00000060   Code   RO           27    i.SystemInit        system_stm32f10x.o
    0x080012f8   0x080012f8   0x00000080   Code   RO         2405    i.TI1_Config        stm32f10x_tim.o
    0x08001378   0x08001378   0x00000098   Code   RO         2406    i.TI2_Config        stm32f10x_tim.o
    0x08001410   0x08001410   0x00000090   Code   RO         2407    i.TI3_Config        stm32f10x_tim.o
    0x080014a0   0x080014a0   0x00000098   Code   RO         2408    i.TI4_Config        stm32f10x_tim.o
    0x08001538   0x08001538   0x00000094   Code   RO         4184    i.TIM1_UP_IRQHandler  main.o
    0x080015cc   0x080015cc   0x00000006   Code   RO         2415    i.TIM_ClearFlag     stm32f10x_tim.o
    0x080015d2   0x080015d2   0x00000006   Code   RO         2416    i.TIM_ClearITPendingBit  stm32f10x_tim.o
    0x080015d8   0x080015d8   0x00000018   Code   RO         2421    i.TIM_Cmd           stm32f10x_tim.o
    0x080015f0   0x080015f0   0x00000042   Code   RO         2430    i.TIM_EncoderInterfaceConfig  stm32f10x_tim.o
    0x08001632   0x08001632   0x00000006   Code   RO         2440    i.TIM_GetCounter    stm32f10x_tim.o
    0x08001638   0x08001638   0x00000022   Code   RO         2442    i.TIM_GetITStatus   stm32f10x_tim.o
    0x0800165a   0x0800165a   0x00000002   PAD
    0x0800165c   0x0800165c   0x000000ac   Code   RO         2444    i.TIM_ICInit        stm32f10x_tim.o
    0x08001708   0x08001708   0x00000012   Code   RO         2445    i.TIM_ICStructInit  stm32f10x_tim.o
    0x0800171a   0x0800171a   0x00000012   Code   RO         2446    i.TIM_ITConfig      stm32f10x_tim.o
    0x0800172c   0x0800172c   0x0000000c   Code   RO         2448    i.TIM_InternalClockConfig  stm32f10x_tim.o
    0x08001738   0x08001738   0x000000a0   Code   RO         2460    i.TIM_OC3Init       stm32f10x_tim.o
    0x080017d8   0x080017d8   0x0000007c   Code   RO         2465    i.TIM_OC4Init       stm32f10x_tim.o
    0x08001854   0x08001854   0x00000014   Code   RO         2468    i.TIM_OCStructInit  stm32f10x_tim.o
    0x08001868   0x08001868   0x00000004   Code   RO         2484    i.TIM_SetCompare3   stm32f10x_tim.o
    0x0800186c   0x0800186c   0x00000006   Code   RO         2485    i.TIM_SetCompare4   stm32f10x_tim.o
    0x08001872   0x08001872   0x00000004   Code   RO         2486    i.TIM_SetCounter    stm32f10x_tim.o
    0x08001876   0x08001876   0x00000012   Code   RO         2487    i.TIM_SetIC1Prescaler  stm32f10x_tim.o
    0x08001888   0x08001888   0x0000001a   Code   RO         2488    i.TIM_SetIC2Prescaler  stm32f10x_tim.o
    0x080018a2   0x080018a2   0x00000012   Code   RO         2489    i.TIM_SetIC3Prescaler  stm32f10x_tim.o
    0x080018b4   0x080018b4   0x0000001a   Code   RO         2490    i.TIM_SetIC4Prescaler  stm32f10x_tim.o
    0x080018ce   0x080018ce   0x00000002   PAD
    0x080018d0   0x080018d0   0x000000a4   Code   RO         2492    i.TIM_TimeBaseInit  stm32f10x_tim.o
    0x08001974   0x08001974   0x0000007c   Code   RO         3220    i.Timer_Init        timer.o
    0x080019f0   0x080019f0   0x00000004   Code   RO         4242    i.UsageFault_Handler  stm32f10x_it.o
    0x080019f4   0x080019f4   0x00000028   Code   RO         4489    i.__ARM_fpclassify  m_ws.l(fpclassify.o)
    0x08001a1c   0x08001a1c   0x000000aa   Code   RO         4491    i.__kernel_poly     m_ws.l(poly.o)
    0x08001ac6   0x08001ac6   0x00000006   Code   RO         4476    i.__mathlib_dbl_infnan  m_ws.l(dunder.o)
    0x08001acc   0x08001acc   0x00000004   Code   RO         4477    i.__mathlib_dbl_infnan2  m_ws.l(dunder.o)
    0x08001ad0   0x08001ad0   0x0000000c   Code   RO         4478    i.__mathlib_dbl_invalid  m_ws.l(dunder.o)
    0x08001adc   0x08001adc   0x00000010   Code   RO         4481    i.__mathlib_dbl_underflow  m_ws.l(dunder.o)
    0x08001aec   0x08001aec   0x000000a8   Code   RO         3538    i.accel_self_test   inv_mpu.o
    0x08001b94   0x08001b94   0x00000270   Code   RO         4415    i.asin              m_ws.l(asin.o)
    0x08001e04   0x08001e04   0x00000220   Code   RO         4466    i.atan              m_ws.l(atan.o)
    0x08002024   0x08002024   0x0000019c   Code   RO         4425    i.atan2             m_ws.l(atan2.o)
    0x080021c0   0x080021c0   0x00000064   Code   RO         3887    i.decode_gesture    inv_mpu_dmp_motion_driver.o
    0x08002224   0x08002224   0x00000018   Code   RO         3196    i.delay_ms          delay.o
    0x0800223c   0x0800223c   0x0000002e   Code   RO         3198    i.delay_us          delay.o
    0x0800226a   0x0800226a   0x0000003c   Code   RO         3888    i.dmp_enable_6x_lp_quat  inv_mpu_dmp_motion_driver.o
    0x080022a6   0x080022a6   0x00000002   PAD
    0x080022a8   0x080022a8   0x0000021c   Code   RO         3889    i.dmp_enable_feature  inv_mpu_dmp_motion_driver.o
    0x080024c4   0x080024c4   0x00000058   Code   RO         3890    i.dmp_enable_gyro_cal  inv_mpu_dmp_motion_driver.o
    0x0800251c   0x0800251c   0x0000003c   Code   RO         3891    i.dmp_enable_lp_quat  inv_mpu_dmp_motion_driver.o
    0x08002558   0x08002558   0x00000018   Code   RO         3896    i.dmp_load_motion_driver_firmware  inv_mpu_dmp_motion_driver.o
    0x08002570   0x08002570   0x000001cc   Code   RO         3897    i.dmp_read_fifo     inv_mpu_dmp_motion_driver.o
    0x0800273c   0x0800273c   0x00000130   Code   RO         3900    i.dmp_set_accel_bias  inv_mpu_dmp_motion_driver.o
    0x0800286c   0x0800286c   0x00000070   Code   RO         3901    i.dmp_set_fifo_rate  inv_mpu_dmp_motion_driver.o
    0x080028dc   0x080028dc   0x00000130   Code   RO         3902    i.dmp_set_gyro_bias  inv_mpu_dmp_motion_driver.o
    0x08002a0c   0x08002a0c   0x00000138   Code   RO         3904    i.dmp_set_orientation  inv_mpu_dmp_motion_driver.o
    0x08002b44   0x08002b44   0x00000038   Code   RO         3907    i.dmp_set_shake_reject_thresh  inv_mpu_dmp_motion_driver.o
    0x08002b7c   0x08002b7c   0x00000026   Code   RO         3908    i.dmp_set_shake_reject_time  inv_mpu_dmp_motion_driver.o
    0x08002ba2   0x08002ba2   0x00000026   Code   RO         3909    i.dmp_set_shake_reject_timeout  inv_mpu_dmp_motion_driver.o
    0x08002bc8   0x08002bc8   0x00000046   Code   RO         3910    i.dmp_set_tap_axes  inv_mpu_dmp_motion_driver.o
    0x08002c0e   0x08002c0e   0x00000026   Code   RO         3911    i.dmp_set_tap_count  inv_mpu_dmp_motion_driver.o
    0x08002c34   0x08002c34   0x000001a0   Code   RO         3912    i.dmp_set_tap_thresh  inv_mpu_dmp_motion_driver.o
    0x08002dd4   0x08002dd4   0x00000026   Code   RO         3913    i.dmp_set_tap_time  inv_mpu_dmp_motion_driver.o
    0x08002dfa   0x08002dfa   0x00000026   Code   RO         3914    i.dmp_set_tap_time_multi  inv_mpu_dmp_motion_driver.o
    0x08002e20   0x08002e20   0x000000b4   Code   RO         3539    i.get_accel_prod_shift  inv_mpu.o
    0x08002ed4   0x08002ed4   0x0000046c   Code   RO         3540    i.get_st_biases     inv_mpu.o
    0x08003340   0x08003340   0x00000110   Code   RO         3541    i.gyro_self_test    inv_mpu.o
    0x08003450   0x08003450   0x00000028   Code   RO         3542    i.inv_orientation_matrix_to_scalar  inv_mpu.o
    0x08003478   0x08003478   0x0000004e   Code   RO         3543    i.inv_row_2_scale   inv_mpu.o
    0x080034c6   0x080034c6   0x00000002   PAD
    0x080034c8   0x080034c8   0x000000a4   Code   RO         4185    i.main              main.o
    0x0800356c   0x0800356c   0x00000002   Code   RO         3544    i.mget_ms           inv_mpu.o
    0x0800356e   0x0800356e   0x00000002   PAD
    0x08003570   0x08003570   0x00000070   Code   RO         3545    i.mpu_configure_fifo  inv_mpu.o
    0x080035e0   0x080035e0   0x00000224   Code   RO         3546    i.mpu_dmp_get_data  inv_mpu.o
    0x08003804   0x08003804   0x000000a0   Code   RO         3547    i.mpu_dmp_init      inv_mpu.o
    0x080038a4   0x080038a4   0x0000004c   Code   RO         3548    i.mpu_get_accel_fsr  inv_mpu.o
    0x080038f0   0x080038f0   0x00000054   Code   RO         3550    i.mpu_get_accel_sens  inv_mpu.o
    0x08003944   0x08003944   0x00000010   Code   RO         3555    i.mpu_get_fifo_config  inv_mpu.o
    0x08003954   0x08003954   0x00000044   Code   RO         3556    i.mpu_get_gyro_fsr  inv_mpu.o
    0x08003998   0x08003998   0x00000050   Code   RO         3558    i.mpu_get_gyro_sens  inv_mpu.o
    0x080039e8   0x080039e8   0x00000050   Code   RO         3560    i.mpu_get_lpf       inv_mpu.o
    0x08003a38   0x08003a38   0x00000020   Code   RO         3562    i.mpu_get_sample_rate  inv_mpu.o
    0x08003a58   0x08003a58   0x00000190   Code   RO         3564    i.mpu_init          inv_mpu.o
    0x08003be8   0x08003be8   0x000000b8   Code   RO         3565    i.mpu_load_firmware  inv_mpu.o
    0x08003ca0   0x08003ca0   0x000000e0   Code   RO         3566    i.mpu_lp_accel_mode  inv_mpu.o
    0x08003d80   0x08003d80   0x000000c0   Code   RO         3569    i.mpu_read_fifo_stream  inv_mpu.o
    0x08003e40   0x08003e40   0x00000080   Code   RO         3570    i.mpu_read_mem      inv_mpu.o
    0x08003ec0   0x08003ec0   0x000001c8   Code   RO         3573    i.mpu_reset_fifo    inv_mpu.o
    0x08004088   0x08004088   0x0000011c   Code   RO         3574    i.mpu_run_self_test  inv_mpu.o
    0x080041a4   0x080041a4   0x00000084   Code   RO         3576    i.mpu_set_accel_fsr  inv_mpu.o
    0x08004228   0x08004228   0x0000014c   Code   RO         3577    i.mpu_set_bypass    inv_mpu.o
    0x08004374   0x08004374   0x00000090   Code   RO         3579    i.mpu_set_dmp_state  inv_mpu.o
    0x08004404   0x08004404   0x00000088   Code   RO         3580    i.mpu_set_gyro_fsr  inv_mpu.o
    0x0800448c   0x0800448c   0x0000006c   Code   RO         3581    i.mpu_set_int_latched  inv_mpu.o
    0x080044f8   0x080044f8   0x00000084   Code   RO         3583    i.mpu_set_lpf       inv_mpu.o
    0x0800457c   0x0800457c   0x0000009c   Code   RO         3584    i.mpu_set_sample_rate  inv_mpu.o
    0x08004618   0x08004618   0x000000d0   Code   RO         3585    i.mpu_set_sensors   inv_mpu.o
    0x080046e8   0x080046e8   0x00000080   Code   RO         3586    i.mpu_write_mem     inv_mpu.o
    0x08004768   0x08004768   0x00000094   Code   RO         3587    i.run_self_test     inv_mpu.o
    0x080047fc   0x080047fc   0x00000090   Code   RO         3588    i.set_int_enable    inv_mpu.o
    0x0800488c   0x0800488c   0x0000004c   Code   RO         4495    i.sqrt              m_ws.l(sqrt.o)
    0x080048d8   0x080048d8   0x000000a0   Code   RO         4152    i.velocity_PID_value  pid.o
    0x08004978   0x08004978   0x0000009c   Code   RO         4153    i.vertical_PID_value  pid.o
    0x08004a14   0x08004a14   0x00000048   Code   RO         4154    i.xianfu            pid.o
    0x08004a5c   0x08004a5c   0x00000062   Code   RO         4360    x$fpl$d2f           fz_ws.l(d2f.o)
    0x08004abe   0x08004abe   0x00000002   PAD
    0x08004ac0   0x08004ac0   0x00000150   Code   RO         4362    x$fpl$dadd          fz_ws.l(daddsub_clz.o)
    0x08004c10   0x08004c10   0x00000010   Code   RO         4544    x$fpl$dcheck1       fz_ws.l(dcheck1.o)
    0x08004c20   0x08004c20   0x00000018   Code   RO         4546    x$fpl$dcmpinf       fz_ws.l(dcmpi.o)
    0x08004c38   0x08004c38   0x000002b0   Code   RO         4369    x$fpl$ddiv          fz_ws.l(ddiv.o)
    0x08004ee8   0x08004ee8   0x00000078   Code   RO         4450    x$fpl$deqf          fz_ws.l(deqf.o)
    0x08004f60   0x08004f60   0x00000154   Code   RO         4378    x$fpl$dmul          fz_ws.l(dmul.o)
    0x080050b4   0x080050b4   0x0000009c   Code   RO         4452    x$fpl$dnaninf       fz_ws.l(dnaninf.o)
    0x08005150   0x08005150   0x0000000c   Code   RO         4454    x$fpl$dretinf       fz_ws.l(dretinf.o)
    0x0800515c   0x0800515c   0x00000016   Code   RO         4363    x$fpl$drsb          fz_ws.l(daddsub_clz.o)
    0x08005172   0x08005172   0x00000002   PAD
    0x08005174   0x08005174   0x000001cc   Code   RO         4550    x$fpl$dsqrt         fz_ws.l(dsqrt_noumaal.o)
    0x08005340   0x08005340   0x000001d4   Code   RO         4364    x$fpl$dsub          fz_ws.l(daddsub_clz.o)
    0x08005514   0x08005514   0x00000056   Code   RO         4380    x$fpl$f2d           fz_ws.l(f2d.o)
    0x0800556a   0x0800556a   0x00000002   PAD
    0x0800556c   0x0800556c   0x000000c4   Code   RO         4382    x$fpl$fadd          fz_ws.l(faddsub_clz.o)
    0x08005630   0x08005630   0x00000018   Code   RO         4456    x$fpl$fcmpinf       fz_ws.l(fcmpi.o)
    0x08005648   0x08005648   0x00000184   Code   RO         4389    x$fpl$fdiv          fz_ws.l(fdiv.o)
    0x080057cc   0x080057cc   0x00000068   Code   RO         4392    x$fpl$feqf          fz_ws.l(feqf.o)
    0x08005834   0x08005834   0x00000036   Code   RO         4394    x$fpl$ffix          fz_ws.l(ffix.o)
    0x0800586a   0x0800586a   0x00000002   PAD
    0x0800586c   0x0800586c   0x0000003e   Code   RO         4398    x$fpl$ffixu         fz_ws.l(ffixu.o)
    0x080058aa   0x080058aa   0x00000002   PAD
    0x080058ac   0x080058ac   0x00000030   Code   RO         4403    x$fpl$fflt          fz_ws.l(fflt_clz.o)
    0x080058dc   0x080058dc   0x00000026   Code   RO         4402    x$fpl$ffltu         fz_ws.l(fflt_clz.o)
    0x08005902   0x08005902   0x00000002   PAD
    0x08005904   0x08005904   0x00000068   Code   RO         4408    x$fpl$fleqf         fz_ws.l(fleqf.o)
    0x0800596c   0x0800596c   0x00000102   Code   RO         4410    x$fpl$fmul          fz_ws.l(fmul.o)
    0x08005a6e   0x08005a6e   0x0000008c   Code   RO         4458    x$fpl$fnaninf       fz_ws.l(fnaninf.o)
    0x08005afa   0x08005afa   0x0000000a   Code   RO         4460    x$fpl$fretinf       fz_ws.l(fretinf.o)
    0x08005b04   0x08005b04   0x00000062   Code   RO         4412    x$fpl$frleqf        fz_ws.l(frleqf.o)
    0x08005b66   0x08005b66   0x00000002   PAD
    0x08005b68   0x08005b68   0x000000ea   Code   RO         4384    x$fpl$fsub          fz_ws.l(faddsub_clz.o)
    0x08005c52   0x08005c52   0x00000064   Code   RO         4714    x$fpl$retnan        fz_ws.l(retnan.o)
    0x08005cb6   0x08005cb6   0x0000005c   Code   RO         4462    x$fpl$scalbn        fz_ws.l(scalbn.o)
    0x08005d12   0x08005d12   0x00000030   Code   RO         4778    x$fpl$trapveneer    fz_ws.l(trapv.o)
    0x08005d42   0x08005d42   0x00000000   Code   RO         4464    x$fpl$usenofp       fz_ws.l(usenofp.o)
    0x08005d42   0x08005d42   0x000005f0   Data   RO         3296    .constdata          oled.o
    0x08006332   0x08006332   0x00000002   PAD
    0x08006334   0x08006334   0x00000050   Data   RO         3590    .constdata          inv_mpu.o
    0x08006384   0x08006384   0x00000bf6   Data   RO         3916    .constdata          inv_mpu_dmp_motion_driver.o
    0x08006f7a   0x08006f7a   0x00000006   PAD
    0x08006f80   0x08006f80   0x00000050   Data   RO         4416    .constdata          m_ws.l(asin.o)
    0x08006fd0   0x08006fd0   0x00000098   Data   RO         4467    .constdata          m_ws.l(atan.o)
    0x08007068   0x08007068   0x00000008   Data   RO         4493    .constdata          m_ws.l(qnan.o)
    0x08007070   0x08007070   0x00000020   Data   RO         4861    Region$$Table       anon$$obj.o


    Execution Region RW_IRAM1 (Exec base: 0x20000000, Load base: 0x08007090, Size: 0x000006f8, Max: 0x00005000, ABSOLUTE)

    Exec Addr    Load Addr    Size         Type   Attr      Idx    E Section Name        Object

    0x20000000   0x08007090   0x00000035   Data   RW         3591    .data               inv_mpu.o
    0x20000035   0x080070c5   0x00000003   PAD
    0x20000038   0x080070c8   0x0000001c   Data   RW         4155    .data               pid.o
    0x20000054   0x080070e4   0x00000034   Data   RW         4186    .data               main.o
    0x20000088        -       0x00000010   Zero   RW         3915    .bss                inv_mpu_dmp_motion_driver.o
    0x20000098        -       0x00000060   Zero   RW         4558    .bss                c_w.l(libspace.o)
    0x200000f8        -       0x00000200   Zero   RW            2    HEAP                startup_stm32f10x_md.o
    0x200002f8        -       0x00000400   Zero   RW            1    STACK               startup_stm32f10x_md.o


==============================================================================

Image component sizes


      Code (inc. data)   RO Data    RW Data    ZI Data      Debug   Object Name

         0          0          0          0          0       4508   core_cm3.o
        70          0          0          0          0        914   delay.o
       316         28          0          0          0       1661   encoder.o
      6764        212         80         53          0      30576   inv_mpu.o
      3096        122       3062          0         16      20402   inv_mpu_dmp_motion_driver.o
       334         42          0         52          0       1956   main.o
       132         22          0          0          0     204735   misc.o
       208         16          0          0          0       1513   motor.o
       608          0          0          0          0       6011   mpu6050.o
       662        100          0          0          0       4686   mpuiic.o
       796         26       1520          0          0       6917   oled.o
       388         62          0         28          0       2095   pid.o
       216          6          0          0          0       1603   pwm.o
        64         26        236          0       1536        812   startup_stm32f10x_md.o
         0          0          0          0          0       1652   stm32f10x_adc.o
       296          0          0          0          0      11720   stm32f10x_gpio.o
        26          0          0          0          0       3702   stm32f10x_it.o
        64         12          0          0          0       1066   stm32f10x_rcc.o
      1508        170          0          0          0      35242   stm32f10x_tim.o
       328         28          0          0          0      30457   system_stm32f10x.o
       124          4          0          0          0        545   timer.o

    ----------------------------------------------------------------------
     16024        876       4938        136       1552     372773   Object Totals
         0          0         32          0          0          0   (incl. Generated)
        24          0          8          3          0          0   (incl. Padding)

    ----------------------------------------------------------------------

      Code (inc. data)   RO Data    RW Data    ZI Data      Debug   Library Member Name

         8          0          0          0          0         68   __main.o
         0          0          0          0          0          0   __rtentry.o
        12          0          0          0          0          0   __rtentry2.o
         6          0          0          0          0          0   __rtentry4.o
        52          8          0          0          0          0   __scatter.o
        26          0          0          0          0          0   __scatter_copy.o
        28          0          0          0          0          0   __scatter_zi.o
        22          0          0          0          0        100   _rserrno.o
        16          0          0          0          0         68   aeabi_memset.o
        18          0          0          0          0         80   exit.o
         6          0          0          0          0        152   heapauxi.o
         0          0          0          0          0          0   indicate_semi.o
         2          0          0          0          0          0   libinit.o
         2          0          0          0          0          0   libinit2.o
         2          0          0          0          0          0   libshutdown.o
         2          0          0          0          0          0   libshutdown2.o
         8          4          0          0         96         68   libspace.o
        72          0          0          0          0         76   llsdiv.o
       238          0          0          0          0        100   lludivv7m.o
        88          0          0          0          0         76   memcmp.o
         8          4          0          0          0         68   rt_errno_addr_intlibspace.o
        68          0          0          0          0         68   rt_memclr.o
        78          0          0          0          0         80   rt_memclr_w.o
         2          0          0          0          0          0   rtexit.o
        10          0          0          0          0          0   rtexit2.o
        12          4          0          0          0         68   sys_exit.o
        74          0          0          0          0         80   sys_stackheap_outer.o
         2          0          0          0          0         68   use_no_semi.o
        98          4          0          0          0         92   d2f.o
       826         16          0          0          0        348   daddsub_clz.o
        16          4          0          0          0         68   dcheck1.o
        24          0          0          0          0         68   dcmpi.o
       688        140          0          0          0        208   ddiv.o
       120          4          0          0          0         92   deqf.o
       340         12          0          0          0        104   dmul.o
       156          4          0          0          0         92   dnaninf.o
        12          0          0          0          0         68   dretinf.o
       460         56          0          0          0        120   dsqrt_noumaal.o
        86          4          0          0          0         84   f2d.o
       430          8          0          0          0        168   faddsub_clz.o
        24          0          0          0          0         68   fcmpi.o
       388         76          0          0          0         96   fdiv.o
       104          4          0          0          0         84   feqf.o
        54          4          0          0          0         84   ffix.o
        62          4          0          0          0         84   ffixu.o
        86          0          0          0          0        136   fflt_clz.o
       104          4          0          0          0         84   fleqf.o
       258          4          0          0          0         84   fmul.o
       140          4          0          0          0         84   fnaninf.o
        10          0          0          0          0         68   fretinf.o
        98          0          0          0          0         68   frleqf.o
       100          0          0          0          0         68   retnan.o
        92          0          0          0          0         68   scalbn.o
        48          0          0          0          0         68   trapv.o
         0          0          0          0          0          0   usenofp.o
       624         52         80          0          0        168   asin.o
       544         70        152          0          0        124   atan.o
       412         38          0          0          0        144   atan2.o
        38          6          0          0          0        272   dunder.o
        40          0          0          0          0         68   fpclassify.o
       170          0          0          0          0         96   poly.o
         0          0          8          0          0          0   qnan.o
        76          0          0          0          0         84   sqrt.o

    ----------------------------------------------------------------------
      7614        538        240          0         96       4832   Library Totals
        24          0          0          0          0          0   (incl. Padding)

    ----------------------------------------------------------------------

      Code (inc. data)   RO Data    RW Data    ZI Data      Debug   Library Name

       862         20          0          0         96       1220   c_w.l
      4824        352          0          0          0       2656   fz_ws.l
      1904        166        240          0          0        956   m_ws.l

    ----------------------------------------------------------------------
      7614        538        240          0         96       4832   Library Totals

    ----------------------------------------------------------------------

==============================================================================


      Code (inc. data)   RO Data    RW Data    ZI Data      Debug   

     23638       1414       5178        136       1648     367565   Grand Totals
     23638       1414       5178        136       1648     367565   ELF Image Totals
     23638       1414       5178        136          0          0   ROM Totals

==============================================================================

    Total RO  Size (Code + RO Data)                28816 (  28.14kB)
    Total RW  Size (RW Data + ZI Data)              1784 (   1.74kB)
    Total ROM Size (Code + RO Data + RW Data)      28952 (  28.27kB)

==============================================================================

